Component: Arm Compiler for Embedded 6.19 Tool: armlink [5e73cb00]

==============================================================================

Section Cross References

    main.o(.ARM.exidx.text.NVIC_init_IRQs) refers to main.o(.text.NVIC_init_IRQs) for [Anonymous Symbol]
    main.o(.ARM.exidx.text.PORT_init) refers to main.o(.text.PORT_init) for [Anonymous Symbol]
    main.o(.ARM.exidx.text.LPIT0_init) refers to main.o(.text.LPIT0_init) for [Anonymous Symbol]
    main.o(.ARM.exidx.text.WDOG_disable) refers to main.o(.text.WDOG_disable) for [Anonymous Symbol]
    main.o(.text.LPIT0_Ch0_IRQHandler) refers to main.o(.bss.lpit0_ch0_flag_counter) for lpit0_ch0_flag_counter
    main.o(.text.LPIT0_Ch0_IRQHandler) refers to main.o(.bss.display_clock) for display_clock
    main.o(.ARM.exidx.text.LPIT0_Ch0_IRQHandler) refers to main.o(.text.LPIT0_Ch0_IRQHandler) for [Anonymous Symbol]
    main.o(.text.LPIT0_Ch1_IRQHandler) refers to main.o(.bss.lpit0_ch1_flag_counter) for lpit0_ch1_flag_counter
    main.o(.text.LPIT0_Ch1_IRQHandler) refers to main.o(.bss.half_second) for half_second
    main.o(.ARM.exidx.text.LPIT0_Ch1_IRQHandler) refers to main.o(.text.LPIT0_Ch1_IRQHandler) for [Anonymous Symbol]
    main.o(.text.LPIT0_Ch2_IRQHandler) refers to main.o(.bss.lpit0_ch2_flag_counter) for lpit0_ch2_flag_counter
    main.o(.text.LPIT0_Ch2_IRQHandler) refers to main.o(.bss.j) for j
    main.o(.ARM.exidx.text.LPIT0_Ch2_IRQHandler) refers to main.o(.text.LPIT0_Ch2_IRQHandler) for [Anonymous Symbol]
    main.o(.text.LPIT0_Ch3_IRQHandler) refers to main.o(.bss.lpit0_ch3_flag_counter) for lpit0_ch3_flag_counter
    main.o(.ARM.exidx.text.LPIT0_Ch3_IRQHandler) refers to main.o(.text.LPIT0_Ch3_IRQHandler) for [Anonymous Symbol]
    main.o(.text.PORTC_IRQHandler) refers to main.o(.bss.print_item) for print_item
    main.o(.ARM.exidx.text.PORTC_IRQHandler) refers to main.o(.text.PORTC_IRQHandler) for [Anonymous Symbol]
    main.o(.ARM.exidx.text.FTM_init) refers to main.o(.text.FTM_init) for [Anonymous Symbol]
    main.o(.ARM.exidx.text.FTM0_CH2_PWM) refers to main.o(.text.FTM0_CH2_PWM) for [Anonymous Symbol]
    main.o(.text.Seg_out) refers to main.o(.bss.num5) for num5
    main.o(.text.Seg_out) refers to main.o(.bss.num4) for num4
    main.o(.text.Seg_out) refers to main.o(.bss.num3) for num3
    main.o(.text.Seg_out) refers to main.o(.bss.num2) for num2
    main.o(.text.Seg_out) refers to main.o(.bss.num1) for num1
    main.o(.text.Seg_out) refers to main.o(.bss.num0) for num0
    main.o(.text.Seg_out) refers to main.o(.bss.j) for j
    main.o(.text.Seg_out) refers to main.o(.data.FND_DATA) for FND_DATA
    main.o(.text.Seg_out) refers to main.o(.bss.dot0) for dot0
    main.o(.text.Seg_out) refers to main.o(.bss.dot1) for dot1
    main.o(.text.Seg_out) refers to main.o(.bss.dot2) for dot2
    main.o(.text.Seg_out) refers to main.o(.bss.dot3) for dot3
    main.o(.text.Seg_out) refers to main.o(.bss.dot4) for dot4
    main.o(.text.Seg_out) refers to main.o(.bss.dot5) for dot5
    main.o(.ARM.exidx.text.Seg_out) refers to main.o(.text.Seg_out) for [Anonymous Symbol]
    main.o(.text.reset_dot) refers to main.o(.bss.dot0) for dot0
    main.o(.text.reset_dot) refers to main.o(.bss.dot1) for dot1
    main.o(.text.reset_dot) refers to main.o(.bss.dot2) for dot2
    main.o(.text.reset_dot) refers to main.o(.bss.dot3) for dot3
    main.o(.text.reset_dot) refers to main.o(.bss.dot4) for dot4
    main.o(.text.reset_dot) refers to main.o(.bss.dot5) for dot5
    main.o(.ARM.exidx.text.reset_dot) refers to main.o(.text.reset_dot) for [Anonymous Symbol]
    main.o(.text.initialize_parameters) refers to main.o(.bss.total_mass_1) for total_mass_1
    main.o(.text.initialize_parameters) refers to main.o(.bss.total_mass_2) for total_mass_2
    main.o(.text.initialize_parameters) refers to main.o(.bss.total_mass_3) for total_mass_3
    main.o(.text.initialize_parameters) refers to main.o(.bss.total_mass_4) for total_mass_4
    main.o(.text.initialize_parameters) refers to main.o(.bss.initial_velocity) for initial_velocity
    main.o(.text.initialize_parameters) refers to main.o(.bss.used_propellent_mass) for used_propellent_mass
    main.o(.text.initialize_parameters) refers to main.o(.bss.specific_impulse) for specific_impulse
    main.o(.text.initialize_parameters) refers to main.o(.bss.propellent_mass) for propellent_mass
    main.o(.text.initialize_parameters) refers to main.o(.bss.burntime) for burntime
    main.o(.text.initialize_parameters) refers to dflt_clz.o(x$fpl$dflt) for __aeabi_i2d
    main.o(.text.initialize_parameters) refers to main.o(.bss.initial_mass) for initial_mass
    main.o(.text.initialize_parameters) refers to ddiv.o(x$fpl$ddiv) for __aeabi_ddiv
    main.o(.text.initialize_parameters) refers to main.o(.bss.consume_ratio) for consume_ratio
    main.o(.text.initialize_parameters) refers to dmul.o(x$fpl$dmul) for __aeabi_dmul
[...]
    ../mathlib/sin_i.c                       0x00000000   Number         0  sin_i.o ABSOLUTE
    ../mathlib/sqrt.c                        0x00000000   Number         0  sqrt.o ABSOLUTE
    ADC.c                                    0x00000000   Number         0  adc.o ABSOLUTE
    RTE\Device\S32K144HAxxxLHx\startup_S32K144.S 0x00000000   Number         0  startup_s32k144.o ABSOLUTE
    clocks_and_modes.c                       0x00000000   Number         0  clocks_and_modes.o ABSOLUTE
    dc.s                                     0x00000000   Number         0  dc.o ABSOLUTE
    main.c                                   0x00000000   Number         0  main.o ABSOLUTE
    startup.c                                0x00000000   Number         0  startup.o ABSOLUTE
    system_S32K144.c                         0x00000000   Number         0  system_s32k144.o ABSOLUTE
    RESET                                    0x00000000   Section      560  startup_s32k144.o(RESET)
    FlashConfig                              0x00000400   Section       16  startup_s32k144.o(FlashConfig)
    pS                                       0x00000410   Data          48  asin.o(.constdata)
    .constdata                               0x00000410   Section       80  asin.o(.constdata)
    qS                                       0x00000440   Data          32  asin.o(.constdata)
    Lg2                                      0x00000460   Data          24  log.o(.constdata)
    .constdata                               0x00000460   Section       56  log.o(.constdata)
    Lg                                       0x00000478   Data          32  log.o(.constdata)
    C                                        0x00000498   Data          48  cos_i.o(.constdata)
    .constdata                               0x00000498   Section       48  cos_i.o(.constdata)
    .constdata                               0x000004c8   Section        8  qnan.o(.constdata)
    pio2s                                    0x000004d0   Data          48  rred.o(.constdata)
    .constdata                               0x000004d0   Section      204  rred.o(.constdata)
    twooverpi                                0x00000500   Data         156  rred.o(.constdata)
    S                                        0x000005a0   Data          40  sin_i.o(.constdata)
    .constdata                               0x000005a0   Section       40  sin_i.o(.constdata)
    s_vectors                                0x000005c8   Data           4  startup.o(.rodata.s_vectors)
    [Anonymous Symbol]                       0x000005c8   Section        0  startup.o(.rodata.s_vectors)
    !!!main                                  0x000005d0   Section        8  __main.o(!!!main)
    !!!scatter                               0x000005d8   Section       52  __scatter.o(!!!scatter)
    !!handler_copy                           0x0000060c   Section       26  __scatter_copy.o(!!handler_copy)
    !!handler_zi                             0x00000628   Section       28  __scatter_zi.o(!!handler_zi)
    .ARM.Collect$$libinit$$00000000          0x00000644   Section        2  libinit.o(.ARM.Collect$$libinit$$00000000)
    .ARM.Collect$$libinit$$00000001          0x00000646   Section        4  libinit2.o(.ARM.Collect$$libinit$$00000001)
    .ARM.Collect$$libinit$$00000004          0x0000064a   Section        0  libinit2.o(.ARM.Collect$$libinit$$00000004)
    .ARM.Collect$$libinit$$00000006          0x0000064a   Section        0  libinit2.o(.ARM.Collect$$libinit$$00000006)
    .ARM.Collect$$libinit$$0000000C          0x0000064a   Section        0  libinit2.o(.ARM.Collect$$libinit$$0000000C)
    .ARM.Collect$$libinit$$0000000E          0x0000064a   Section        0  libinit2.o(.ARM.Collect$$libinit$$0000000E)
    .ARM.Collect$$libinit$$0000000F          0x0000064a   Section        4  libinit2.o(.ARM.Collect$$libinit$$0000000F)
    .ARM.Collect$$libinit$$00000010          0x0000064e   Section        0  libinit2.o(.ARM.Collect$$libinit$$00000010)
    .ARM.Collect$$libinit$$00000013          0x0000064e   Section        0  libinit2.o(.ARM.Collect$$libinit$$00000013)
    .ARM.Collect$$libinit$$00000015          0x0000064e   Section        0  libinit2.o(.ARM.Collect$$libinit$$00000015)
    .ARM.Collect$$libinit$$00000017          0x0000064e   Section        0  libinit2.o(.ARM.Collect$$libinit$$00000017)
    .ARM.Collect$$libinit$$00000019          0x0000064e   Section        0  libinit2.o(.ARM.Collect$$libinit$$00000019)
    .ARM.Collect$$libinit$$0000001B          0x0000064e   Section        0  libinit2.o(.ARM.Collect$$libinit$$0000001B)
    .ARM.Collect$$libinit$$0000001D          0x0000064e   Section        0  libinit2.o(.ARM.Collect$$libinit$$0000001D)
    .ARM.Collect$$libinit$$0000001F          0x0000064e   Section        0  libinit2.o(.ARM.Collect$$libinit$$0000001F)
    .ARM.Collect$$libinit$$00000021          0x0000064e   Section        0  libinit2.o(.ARM.Collect$$libinit$$00000021)
    .ARM.Collect$$libinit$$00000023          0x0000064e   Section        0  libinit2.o(.ARM.Collect$$libinit$$00000023)
    .ARM.Collect$$libinit$$00000025          0x0000064e   Section        0  libinit2.o(.ARM.Collect$$libinit$$00000025)
    .ARM.Collect$$libinit$$00000027          0x0000064e   Section        0  libinit2.o(.ARM.Collect$$libinit$$00000027)
    .ARM.Collect$$libinit$$0000002E          0x0000064e   Section        0  libinit2.o(.ARM.Collect$$libinit$$0000002E)
    .ARM.Collect$$libinit$$00000030          0x0000064e   Section        0  libinit2.o(.ARM.Collect$$libinit$$00000030)
    .ARM.Collect$$libinit$$00000032          0x0000064e   Section        0  libinit2.o(.ARM.Collect$$libinit$$00000032)
    .ARM.Collect$$libinit$$00000034          0x0000064e   Section        0  libinit2.o(.ARM.Collect$$libinit$$00000034)
    .ARM.Collect$$libinit$$00000035          0x0000064e   Section        2  libinit2.o(.ARM.Collect$$libinit$$00000035)
    .ARM.Collect$$libshutdown$$00000000      0x00000650   Section        2  libshutdown.o(.ARM.Collect$$libshutdown$$00000000)
    .ARM.Collect$$libshutdown$$00000002      0x00000652   Section        0  libshutdown2.o(.ARM.Collect$$libshutdown$$00000002)
    .ARM.Collect$$libshutdown$$00000004      0x00000652   Section        0  libshutdown2.o(.ARM.Collect$$libshutdown$$00000004)
    .ARM.Collect$$libshutdown$$00000007      0x00000652   Section        0  libshutdown2.o(.ARM.Collect$$libshutdown$$00000007)
    .ARM.Collect$$libshutdown$$0000000A      0x00000652   Section        0  libshutdown2.o(.ARM.Collect$$libshutdown$$0000000A)
    .ARM.Collect$$libshutdown$$0000000C      0x00000652   Section        0  libshutdown2.o(.ARM.Collect$$libshutdown$$0000000C)
    .ARM.Collect$$libshutdown$$0000000F      0x00000652   Section        0  libshutdown2.o(.ARM.Collect$$libshutdown$$0000000F)
    .ARM.Collect$$libshutdown$$00000010      0x00000652   Section        2  libshutdown2.o(.ARM.Collect$$libshutdown$$00000010)
    .ARM.Collect$$rtentry$$00000000          0x00000654   Section        0  __rtentry.o(.ARM.Collect$$rtentry$$00000000)
    .ARM.Collect$$rtentry$$00000002          0x00000654   Section        0  __rtentry2.o(.ARM.Collect$$rtentry$$00000002)
    .ARM.Collect$$rtentry$$00000007          0x00000654   Section        4  __rtentry7.o(.ARM.Collect$$rtentry$$00000007)
    .ARM.Collect$$rtentry$$00000009          0x00000658   Section        0  __rtentry2.o(.ARM.Collect$$rtentry$$00000009)
    .ARM.Collect$$rtentry$$0000000A          0x00000658   Section        4  __rtentry2.o(.ARM.Collect$$rtentry$$0000000A)
    .ARM.Collect$$rtentry$$0000000C          0x0000065c   Section        0  __rtentry2.o(.ARM.Collect$$rtentry$$0000000C)
    .ARM.Collect$$rtentry$$0000000D          0x0000065c   Section        8  __rtentry2.o(.ARM.Collect$$rtentry$$0000000D)
    __lit__00000000                          0x00000664   Data           4  __rtentry7.o(.ARM.Collect$$rtentry$$00002718)
    .ARM.Collect$$rtentry$$00002718          0x00000664   Section        4  __rtentry7.o(.ARM.Collect$$rtentry$$00002718)
    .ARM.Collect$$rtexit$$00000000           0x00000668   Section        2  rtexit.o(.ARM.Collect$$rtexit$$00000000)
    .ARM.Collect$$rtexit$$00000002           0x0000066a   Section        0  rtexit2.o(.ARM.Collect$$rtexit$$00000002)
    .ARM.Collect$$rtexit$$00000003           0x0000066a   Section        4  rtexit2.o(.ARM.Collect$$rtexit$$00000003)
    .ARM.Collect$$rtexit$$00000004           0x0000066e   Section        6  rtexit2.o(.ARM.Collect$$rtexit$$00000004)
    .emb_text                                0x00000674   Section       52  rand.o(.emb_text)
    .text                                    0x000006a8   Section      156  startup_s32k144.o(.text)
    $v0                                      0x000006fc   Number         0  startup_s32k144.o(.text)
    .text                                    0x00000744   Section        0  rand.o(.text)
    .text                                    0x00000780   Section        0  _rserrno.o(.text)
    .text                                    0x00000798   Section        8  rt_errno_addr_intlibspace.o(.text)
    .text                                    0x000007a0   Section        0  exit.o(.text)
    .text                                    0x000007b2   Section        2  use_no_semi.o(.text)
    .text                                    0x000007b4   Section        0  indicate_semi.o(.text)
    .text                                    0x000007b4   Section        0  sys_exit.o(.text)
    [Anonymous Symbol]                       0x000007c0   Section        0  adc.o(.text.ADC_init)
    [Anonymous Symbol]                       0x00000824   Section        0  main.o(.text.FTM0_CH2_PWM)
    [Anonymous Symbol]                       0x00000854   Section        0  main.o(.text.FTM_init)
    [Anonymous Symbol]                       0x000008d8   Section        0  main.o(.text.LPIT0_Ch0_IRQHandler)
    [Anonymous Symbol]                       0x0000093c   Section        0  main.o(.text.LPIT0_Ch1_IRQHandler)
    [Anonymous Symbol]                       0x00000970   Section        0  main.o(.text.LPIT0_Ch2_IRQHandler)
    [Anonymous Symbol]                       0x000009a0   Section        0  main.o(.text.LPIT0_Ch3_IRQHandler)
    [Anonymous Symbol]                       0x000009c0   Section        0  main.o(.text.LPIT0_init)
    [Anonymous Symbol]                       0x00000a54   Section        0  main.o(.text.NVIC_init_IRQs)
    [Anonymous Symbol]                       0x00000ac0   Section        0  clocks_and_modes.o(.text.NormalRUNmode_80MHz)
    [Anonymous Symbol]                       0x00000afc   Section        0  main.o(.text.PORTC_IRQHandler)
    [Anonymous Symbol]                       0x00000b40   Section        0  main.o(.text.PORT_init)
    [Anonymous Symbol]                       0x00000c80   Section        0  main.o(.text.R2D)
    [Anonymous Symbol]                       0x00000cc8   Section        0  clocks_and_modes.o(.text.SOSC_init_8MHz)
    [Anonymous Symbol]                       0x00000d1c   Section        0  clocks_and_modes.o(.text.SPLL_init_160MHz)
    [Anonymous Symbol]                       0x00000da0   Section        0  main.o(.text.Seg_out)
    [Anonymous Symbol]                       0x00001118   Section        0  system_s32k144.o(.text.SystemInit)
    [Anonymous Symbol]                       0x0000116c   Section        0  main.o(.text.WDOG_disable)
    [Anonymous Symbol]                       0x0000119c   Section        0  adc.o(.text.adc_complete)
    [Anonymous Symbol]                       0x000011b0   Section        0  main.o(.text.cal_gimbal_angle)
    [Anonymous Symbol]                       0x000012c0   Section        0  main.o(.text.cal_torque)
    [Anonymous Symbol]                       0x000012f0   Section        0  adc.o(.text.convertAdcChan)
    [Anonymous Symbol]                       0x00001318   Section        0  main.o(.text.difference)
    [Anonymous Symbol]                       0x00001358   Section        0  startup.o(.text.init_data_bss)
    [Anonymous Symbol]                       0x000013f8   Section        0  main.o(.text.initialize_parameters)
    [Anonymous Symbol]                       0x00001600   Section        0  main.o(.text.integrate)
    [Anonymous Symbol]                       0x00001660   Section        0  main.o(.text.main)
    [Anonymous Symbol]                       0x00001ea8   Section        0  main.o(.text.mass_moment_of_inertia)
    [Anonymous Symbol]                       0x00001f48   Section        0  main.o(.text.pid_controller)
    [Anonymous Symbol]                       0x00002038   Section        0  main.o(.text.plant)
    [Anonymous Symbol]                       0x00002208   Section        0  main.o(.text.propellent_update)
    [Anonymous Symbol]                       0x00002270   Section        0  adc.o(.text.read_adc_chx)
    [Anonymous Symbol]                       0x000022a8   Section        0  main.o(.text.reset_dot)
    [Anonymous Symbol]                       0x000022e8   Section        0  main.o(.text.saturation)
    [Anonymous Symbol]                       0x00002350   Section        0  main.o(.text.trajectory_generator)
    [Anonymous Symbol]                       0x000024a8   Section        0  main.o(.text.velocity_calculator)
    [Anonymous Symbol]                       0x00002518   Section        0  main.o(.text.velocity_equation)
    [Anonymous Symbol]                       0x000025b8   Section        0  main.o(.text.whiteNoise)
    i.__ARM_fpclassify                       0x00002610   Section        0  fpclassify.o(i.__ARM_fpclassify)
    i.__hardfp_asin                          0x00002640   Section        0  asin.o(i.__hardfp_asin)
    i.__hardfp_log                           0x000029a0   Section        0  log.o(i.__hardfp_log)
    i.__hardfp_sin                           0x00002d68   Section        0  sin.o(i.__hardfp_sin)
    i.__ieee754_rem_pio2                     0x00002e30   Section        0  rred.o(i.__ieee754_rem_pio2)
    i.__kernel_cos                           0x00003268   Section        0  cos_i.o(i.__kernel_cos)
    i.__kernel_poly                          0x000033d8   Section        0  poly.o(i.__kernel_poly)
    i.__kernel_sin                           0x000034d0   Section        0  sin_i.o(i.__kernel_sin)
    i.__mathlib_dbl_divzero                  0x00003600   Section        0  dunder.o(i.__mathlib_dbl_divzero)
    i.__mathlib_dbl_infnan                   0x00003630   Section        0  dunder.o(i.__mathlib_dbl_infnan)
    i.__mathlib_dbl_invalid                  0x00003648   Section        0  dunder.o(i.__mathlib_dbl_invalid)
    i.__mathlib_dbl_underflow                0x00003668   Section        0  dunder.o(i.__mathlib_dbl_underflow)
    i.fabs                                   0x00003688   Section        0  fabs.o(i.fabs)
    i.sqrt                                   0x000036a0   Section        0  sqrt.o(i.sqrt)
    $v0                                      0x0000370e   Number         0  basic.o(x$fpl$basic)
    x$fpl$basic                              0x0000370e   Section       24  basic.o(x$fpl$basic)
    $v0                                      0x00003728   Number         0  daddsub_clz.o(x$fpl$dadd)
    x$fpl$dadd                               0x00003728   Section      336  daddsub_clz.o(x$fpl$dadd)
    _dadd1                                   0x00003739   Thumb Code     0  daddsub_clz.o(x$fpl$dadd)
    $v0                                      0x00003878   Number         0  dcmpi.o(x$fpl$dcmpinf)
    x$fpl$dcmpinf                            0x00003878   Section       24  dcmpi.o(x$fpl$dcmpinf)
    $v0                                      0x00003890   Number         0  ddiv.o(x$fpl$ddiv)
    x$fpl$ddiv                               0x00003890   Section      692  ddiv.o(x$fpl$ddiv)
    ddiv_entry                               0x00003897   Thumb Code     0  ddiv.o(x$fpl$ddiv)
    $v0                                      0x00003b44   Number         0  deqf.o(x$fpl$deqf)
    x$fpl$deqf                               0x00003b44   Section      120  deqf.o(x$fpl$deqf)
    $v0                                      0x00003bbc   Number         0  dfix.o(x$fpl$dfix)
    x$fpl$dfix                               0x00003bbc   Section       94  dfix.o(x$fpl$dfix)
    $v0                                      0x00003c1a   Number         0  dflt_clz.o(x$fpl$dflt)
    x$fpl$dflt                               0x00003c1a   Section       46  dflt_clz.o(x$fpl$dflt)
    $v0                                      0x00003c48   Number         0  dflt_clz.o(x$fpl$dfltu)
    x$fpl$dfltu                              0x00003c48   Section       38  dflt_clz.o(x$fpl$dfltu)
    $v0                                      0x00003c70   Number         0  dgeqf.o(x$fpl$dgeqf)
    x$fpl$dgeqf                              0x00003c70   Section      120  dgeqf.o(x$fpl$dgeqf)
    $v0                                      0x00003ce8   Number         0  dleqf.o(x$fpl$dleqf)
    x$fpl$dleqf                              0x00003ce8   Section      120  dleqf.o(x$fpl$dleqf)
    $v0                                      0x00003d60   Number         0  dmul.o(x$fpl$dmul)
    x$fpl$dmul                               0x00003d60   Section      340  dmul.o(x$fpl$dmul)
    $v0                                      0x00003eb4   Number         0  dnaninf.o(x$fpl$dnaninf)
    x$fpl$dnaninf                            0x00003eb4   Section      156  dnaninf.o(x$fpl$dnaninf)
    $v0                                      0x00003f50   Number         0  dretinf.o(x$fpl$dretinf)
    x$fpl$dretinf                            0x00003f50   Section       12  dretinf.o(x$fpl$dretinf)
    $v0                                      0x00003f5c   Number         0  daddsub_clz.o(x$fpl$drsb)
    x$fpl$drsb                               0x00003f5c   Section       22  daddsub_clz.o(x$fpl$drsb)
    $v0                                      0x00003f74   Number         0  dsqrt_umaal.o(x$fpl$dsqrt)
    x$fpl$dsqrt                              0x00003f74   Section      408  dsqrt_umaal.o(x$fpl$dsqrt)
    $v0                                      0x0000410c   Number         0  daddsub_clz.o(x$fpl$dsub)
    x$fpl$dsub                               0x0000410c   Section      476  daddsub_clz.o(x$fpl$dsub)
    _dsub1                                   0x0000411d   Thumb Code     0  daddsub_clz.o(x$fpl$dsub)
    $v0                                      0x000042e8   Number         0  dcmp.o(x$fpl$fcmp)
    x$fpl$fcmp                               0x000042e8   Section       84  dcmp.o(x$fpl$fcmp)
    $v0                                      0x0000433c   Number         0  fpinit.o(x$fpl$fpinit)
    x$fpl$fpinit                             0x0000433c   Section       26  fpinit.o(x$fpl$fpinit)
    x$fpl$usenofp                            0x00004356   Section        0  usenofp.o(x$fpl$usenofp)
    .bss                                     0x20000000   Section      228  rand.o(.bss)
    .bss                                     0x200000e4   Section       96  libspace.o(.bss)

    Global Symbols

    Symbol Name                              Value     Ov Type        Size  Object(Section)

    BuildAttributes$$THM_ISAv4$E$P$D$K$B$S$7EM$VFPi3$EXTD16$VFPS$VFMA$PE$A:L22UL41UL21$X:L11$S22US41US21$IEEE1$IW$~IW$USESV6$~STKCKD$USESV7$~SHL$OTIME$ROPI$IEEEX$EBA8$UX$STANDARDLIB$REQ8$PRES8$EABIv2 0x00000000   Number         0  anon$$obj.o ABSOLUTE
    Image$$RW_m_code$$Length                 0x00000000   Number         0  anon$$obj.o ABSOLUTE
    Image$$VECTOR_RAM$$Length                0x00000000   Number         0  anon$$obj.o ABSOLUTE
    Image$$VECTOR_ROM$$Base                  0x00000000   Number         0  anon$$obj.o ABSOLUTE
    __Vectors                                0x00000000   Data           4  startup_s32k144.o(RESET)
    Image$$ZI$$Limit                          - Undefined Weak Reference
    __ARM_exceptions_init                     - Undefined Weak Reference
    __alloca_initialize                       - Undefined Weak Reference
    __arm_preinit_                            - Undefined Weak Reference
    __arm_relocate_pie_                       - Undefined Weak Reference
    __cpp_initialize__aeabi_                  - Undefined Weak Reference
    __cxa_finalize                            - Undefined Weak Reference
    __rt_locale                               - Undefined Weak Reference
    __sigvec_lookup                           - Undefined Weak Reference
    _atexit_init                              - Undefined Weak Reference
    _call_atexit_fns                          - Undefined Weak Reference
    _clock_init                               - Undefined Weak Reference
    _fp_trap_init                             - Undefined Weak Reference
    _fp_trap_shutdown                         - Undefined Weak Reference
    _get_lc_collate                           - Undefined Weak Reference
    _get_lc_ctype                             - Undefined Weak Reference
    _get_lc_monetary                          - Undefined Weak Reference
    _get_lc_numeric                           - Undefined Weak Reference
    _get_lc_time                              - Undefined Weak Reference
    _getenv_init                              - Undefined Weak Reference
    _handle_redirection                       - Undefined Weak Reference
    _init_alloc                               - Undefined Weak Reference
    _init_user_alloc                          - Undefined Weak Reference
    _initio                                   - Undefined Weak Reference
    _signal_finish                            - Undefined Weak Reference
    _signal_init                              - Undefined Weak Reference
    _terminate_alloc                          - Undefined Weak Reference
    _terminate_user_alloc                     - Undefined Weak Reference
    _terminateio                              - Undefined Weak Reference
    Image$$RW_m_data$$Length                 0x00000048   Number         0  anon$$obj.o ABSOLUTE
    Image$$VECTOR_ROM$$Length                0x00000230   Number         0  anon$$obj.o ABSOLUTE
    Image$$VECTOR_ROM$$Limit                 0x00000230   Number         0  anon$$obj.o ABSOLUTE
    Image$$ER_m_text_const$$Base             0x00000410   Number         0  anon$$obj.o ABSOLUTE
    __mathlib_zero                           0x000004c8   Data           8  qnan.o(.constdata)
    Image$$ER_m_text_const$$Limit            0x000005cc   Number         0  anon$$obj.o ABSOLUTE
    __main                                   0x000005d1   Thumb Code     8  __main.o(!!!main)
    __scatterload                            0x000005d9   Thumb Code     0  __scatter.o(!!!scatter)
    __scatterload_rt2                        0x000005d9   Thumb Code    44  __scatter.o(!!!scatter)
    __scatterload_rt2_thumb_only             0x000005d9   Thumb Code     0  __scatter.o(!!!scatter)
    __scatterload_null                       0x000005e7   Thumb Code     0  __scatter.o(!!!scatter)
    __scatterload_copy                       0x0000060d   Thumb Code    26  __scatter_copy.o(!!handler_copy)
    __scatterload_zeroinit                   0x00000629   Thumb Code    28  __scatter_zi.o(!!handler_zi)
    __rt_lib_init                            0x00000645   Thumb Code     0  libinit.o(.ARM.Collect$$libinit$$00000000)
    __rt_lib_init_fp_1                       0x00000647   Thumb Code     0  libinit2.o(.ARM.Collect$$libinit$$00000001)
    __rt_lib_init_heap_1                     0x0000064b   Thumb Code     0  libinit2.o(.ARM.Collect$$libinit$$0000000C)
    __rt_lib_init_preinit_1                  0x0000064b   Thumb Code     0  libinit2.o(.ARM.Collect$$libinit$$00000006)
    __rt_lib_init_rand_2                     0x0000064b   Thumb Code     0  libinit2.o(.ARM.Collect$$libinit$$0000000F)
    __rt_lib_init_relocate_pie_1             0x0000064b   Thumb Code     0  libinit2.o(.ARM.Collect$$libinit$$00000004)
    __rt_lib_init_user_alloc_1               0x0000064b   Thumb Code     0  libinit2.o(.ARM.Collect$$libinit$$0000000E)
    __rt_lib_init_alloca_1                   0x0000064f   Thumb Code     0  libinit2.o(.ARM.Collect$$libinit$$00000030)
    __rt_lib_init_argv_1                     0x0000064f   Thumb Code     0  libinit2.o(.ARM.Collect$$libinit$$0000002E)
    __rt_lib_init_atexit_1                   0x0000064f   Thumb Code     0  libinit2.o(.ARM.Collect$$libinit$$0000001D)
    __rt_lib_init_clock_1                    0x0000064f   Thumb Code     0  libinit2.o(.ARM.Collect$$libinit$$00000023)
    __rt_lib_init_cpp_1                      0x0000064f   Thumb Code     0  libinit2.o(.ARM.Collect$$libinit$$00000034)
    __rt_lib_init_exceptions_1               0x0000064f   Thumb Code     0  libinit2.o(.ARM.Collect$$libinit$$00000032)
    __rt_lib_init_fp_trap_1                  0x0000064f   Thumb Code     0  libinit2.o(.ARM.Collect$$libinit$$00000021)
    __rt_lib_init_getenv_1                   0x0000064f   Thumb Code     0  libinit2.o(.ARM.Collect$$libinit$$00000025)
    __rt_lib_init_lc_collate_1               0x0000064f   Thumb Code     0  libinit2.o(.ARM.Collect$$libinit$$00000013)
    __rt_lib_init_lc_ctype_1                 0x0000064f   Thumb Code     0  libinit2.o(.ARM.Collect$$libinit$$00000015)
    __rt_lib_init_lc_monetary_1              0x0000064f   Thumb Code     0  libinit2.o(.ARM.Collect$$libinit$$00000017)
    __rt_lib_init_lc_numeric_1               0x0000064f   Thumb Code     0  libinit2.o(.ARM.Collect$$libinit$$00000019)
    __rt_lib_init_lc_time_1                  0x0000064f   Thumb Code     0  libinit2.o(.ARM.Collect$$libinit$$0000001B)
    __rt_lib_init_rand_1                     0x0000064f   Thumb Code     0  libinit2.o(.ARM.Collect$$libinit$$00000010)
    __rt_lib_init_return                     0x0000064f   Thumb Code     0  libinit2.o(.ARM.Collect$$libinit$$00000035)
    __rt_lib_init_signal_1                   0x0000064f   Thumb Code     0  libinit2.o(.ARM.Collect$$libinit$$0000001F)
    __rt_lib_init_stdio_1                    0x0000064f   Thumb Code     0  libinit2.o(.ARM.Collect$$libinit$$00000027)
    __rt_lib_shutdown                        0x00000651   Thumb Code     0  libshutdown.o(.ARM.Collect$$libshutdown$$00000000)
    __rt_lib_shutdown_cpp_1                  0x00000653   Thumb Code     0  libshutdown2.o(.ARM.Collect$$libshutdown$$00000002)
    __rt_lib_shutdown_fp_trap_1              0x00000653   Thumb Code     0  libshutdown2.o(.ARM.Collect$$libshutdown$$00000007)
    __rt_lib_shutdown_heap_1                 0x00000653   Thumb Code     0  libshutdown2.o(.ARM.Collect$$libshutdown$$0000000F)
    __rt_lib_shutdown_return                 0x00000653   Thumb Code     0  libshutdown2.o(.ARM.Collect$$libshutdown$$00000010)
    __rt_lib_shutdown_signal_1               0x00000653   Thumb Code     0  libshutdown2.o(.ARM.Collect$$libshutdown$$0000000A)
    __rt_lib_shutdown_stdio_1                0x00000653   Thumb Code     0  libshutdown2.o(.ARM.Collect$$libshutdown$$00000004)
    __rt_lib_shutdown_user_alloc_1           0x00000653   Thumb Code     0  libshutdown2.o(.ARM.Collect$$libshutdown$$0000000C)
    __rt_entry                               0x00000655   Thumb Code     0  __rtentry.o(.ARM.Collect$$rtentry$$00000000)
    __rt_entry_presh_1                       0x00000655   Thumb Code     0  __rtentry2.o(.ARM.Collect$$rtentry$$00000002)
    __rt_entry_sh                            0x00000655   Thumb Code     0  __rtentry7.o(.ARM.Collect$$rtentry$$00000007)
    __rt_entry_li                            0x00000659   Thumb Code     0  __rtentry2.o(.ARM.Collect$$rtentry$$0000000A)
    __rt_entry_postsh_1                      0x00000659   Thumb Code     0  __rtentry2.o(.ARM.Collect$$rtentry$$00000009)
    __rt_entry_main                          0x0000065d   Thumb Code     0  __rtentry2.o(.ARM.Collect$$rtentry$$0000000D)
    __rt_entry_postli_1                      0x0000065d   Thumb Code     0  __rtentry2.o(.ARM.Collect$$rtentry$$0000000C)
    __rt_exit                                0x00000669   Thumb Code     0  rtexit.o(.ARM.Collect$$rtexit$$00000000)
    __rt_exit_ls                             0x0000066b   Thumb Code     0  rtexit2.o(.ARM.Collect$$rtexit$$00000003)
    __rt_exit_prels_1                        0x0000066b   Thumb Code     0  rtexit2.o(.ARM.Collect$$rtexit$$00000002)
    __rt_exit_exit                           0x0000066f   Thumb Code     0  rtexit2.o(.ARM.Collect$$rtexit$$00000004)
    rand                                     0x00000675   Thumb Code    48  rand.o(.emb_text)
    __RAM_VECTOR_TABLE_SIZE                  0x000006a8   Data           4  startup_s32k144.o(.text)
    __VECTOR_RAM                             0x000006ac   Data           4  startup_s32k144.o(.text)
    __VECTOR_ROM                             0x000006b0   Data           4  startup_s32k144.o(.text)
    __VECTOR_ROM_START                       0x000006b4   Data           4  startup_s32k144.o(.text)
    __VECTOR_ROM_END                         0x000006b8   Data           4  startup_s32k144.o(.text)
    __CODE_ROM                               0x000006bc   Data           4  startup_s32k144.o(.text)
    __CODE_END                               0x000006c0   Data           4  startup_s32k144.o(.text)
    __CODE_RAM                               0x000006c4   Data           4  startup_s32k144.o(.text)
    __CODE_RAM_START                         0x000006c8   Data           4  startup_s32k144.o(.text)
    __CODE_RAM_END                           0x000006cc   Data           4  startup_s32k144.o(.text)
    __BSS_START                              0x000006d0   Data           4  startup_s32k144.o(.text)
    __BSS_END                                0x000006d4   Data           4  startup_s32k144.o(.text)
    __DATA_RAM                               0x000006d8   Data           4  startup_s32k144.o(.text)
    __DATA_RAM_START                         0x000006dc   Data           4  startup_s32k144.o(.text)
    __DATA_RAM_END                           0x000006e0   Data           4  startup_s32k144.o(.text)
    __DATA_ROM                               0x000006e4   Data           4  startup_s32k144.o(.text)
    __DATA_END                               0x000006e8   Data           4  startup_s32k144.o(.text)
    __CUSTOM_SECTION_START                   0x000006ec   Data           4  startup_s32k144.o(.text)
    __CUSTOM_SECTION_END                     0x000006f0   Data           4  startup_s32k144.o(.text)
    __RAM_START                              0x000006f4   Data           4  startup_s32k144.o(.text)
    __RAM_END                                0x000006f8   Data           4  startup_s32k144.o(.text)
    Reset_Handler                            0x000006fd   Thumb Code    28  startup_s32k144.o(.text)
    NMI_Handler                              0x00000719   Thumb Code     2  startup_s32k144.o(.text)
    HardFault_Handler                        0x0000071b   Thumb Code     2  startup_s32k144.o(.text)
    MemManage_Handler                        0x0000071d   Thumb Code     2  startup_s32k144.o(.text)
    BusFault_Handler                         0x0000071f   Thumb Code     2  startup_s32k144.o(.text)
    UsageFault_Handler                       0x00000721   Thumb Code     2  startup_s32k144.o(.text)
    SVC_Handler                              0x00000723   Thumb Code     2  startup_s32k144.o(.text)
    DebugMon_Handler                         0x00000725   Thumb Code     2  startup_s32k144.o(.text)
    PendSV_Handler                           0x00000727   Thumb Code     2  startup_s32k144.o(.text)
    SysTick_Handler                          0x00000729   Thumb Code     2  startup_s32k144.o(.text)
    DefaultISR                               0x0000072b   Thumb Code     2  startup_s32k144.o(.text)
    ADC0_IRQHandler                          0x0000072d   Thumb Code     0  startup_s32k144.o(.text)
    ADC1_IRQHandler                          0x0000072d   Thumb Code     0  startup_s32k144.o(.text)
    CAN0_Error_IRQHandler                    0x0000072d   Thumb Code     0  startup_s32k144.o(.text)
    CAN0_ORed_0_15_MB_IRQHandler             0x0000072d   Thumb Code     0  startup_s32k144.o(.text)
    CAN0_ORed_16_31_MB_IRQHandler            0x0000072d   Thumb Code     0  startup_s32k144.o(.text)
    CAN0_ORed_IRQHandler                     0x0000072d   Thumb Code     0  startup_s32k144.o(.text)
    CAN0_Wake_Up_IRQHandler                  0x0000072d   Thumb Code     0  startup_s32k144.o(.text)
    CAN1_Error_IRQHandler                    0x0000072d   Thumb Code     0  startup_s32k144.o(.text)
    CAN1_ORed_0_15_MB_IRQHandler             0x0000072d   Thumb Code     0  startup_s32k144.o(.text)
    CAN1_ORed_IRQHandler                     0x0000072d   Thumb Code     0  startup_s32k144.o(.text)
    CAN2_Error_IRQHandler                    0x0000072d   Thumb Code     0  startup_s32k144.o(.text)
    CAN2_ORed_0_15_MB_IRQHandler             0x0000072d   Thumb Code     0  startup_s32k144.o(.text)
    CAN2_ORed_IRQHandler                     0x0000072d   Thumb Code     0  startup_s32k144.o(.text)
    CMP0_IRQHandler                          0x0000072d   Thumb Code     0  startup_s32k144.o(.text)
    DMA0_IRQHandler                          0x0000072d   Thumb Code     0  startup_s32k144.o(.text)
    DMA10_IRQHandler                         0x0000072d   Thumb Code     0  startup_s32k144.o(.text)
    DMA11_IRQHandler                         0x0000072d   Thumb Code     0  startup_s32k144.o(.text)
    DMA12_IRQHandler                         0x0000072d   Thumb Code     0  startup_s32k144.o(.text)
    DMA13_IRQHandler                         0x0000072d   Thumb Code     0  startup_s32k144.o(.text)
    DMA14_IRQHandler                         0x0000072d   Thumb Code     0  startup_s32k144.o(.text)
    DMA15_IRQHandler                         0x0000072d   Thumb Code     0  startup_s32k144.o(.text)
    DMA1_IRQHandler                          0x0000072d   Thumb Code     0  startup_s32k144.o(.text)
    DMA2_IRQHandler                          0x0000072d   Thumb Code     0  startup_s32k144.o(.text)
    DMA3_IRQHandler                          0x0000072d   Thumb Code     0  startup_s32k144.o(.text)
    DMA4_IRQHandler                          0x0000072d   Thumb Code     0  startup_s32k144.o(.text)
    DMA5_IRQHandler                          0x0000072d   Thumb Code     0  startup_s32k144.o(.text)
    DMA6_IRQHandler                          0x0000072d   Thumb Code     0  startup_s32k144.o(.text)
    DMA7_IRQHandler                          0x0000072d   Thumb Code     0  startup_s32k144.o(.text)
    DMA8_IRQHandler                          0x0000072d   Thumb Code     0  startup_s32k144.o(.text)
    DMA9_IRQHandler                          0x0000072d   Thumb Code     0  startup_s32k144.o(.text)
    DMA_Error_IRQHandler                     0x0000072d   Thumb Code     0  startup_s32k144.o(.text)
    ERM_double_fault_IRQHandler              0x0000072d   Thumb Code     0  startup_s32k144.o(.text)
    ERM_single_fault_IRQHandler              0x0000072d   Thumb Code     0  startup_s32k144.o(.text)
    FLEXIO_IRQHandler                        0x0000072d   Thumb Code     0  startup_s32k144.o(.text)
    FTFC_Fault_IRQHandler                    0x0000072d   Thumb Code     0  startup_s32k144.o(.text)
    FTFC_IRQHandler                          0x0000072d   Thumb Code     0  startup_s32k144.o(.text)
    FTM0_Ch0_Ch1_IRQHandler                  0x0000072d   Thumb Code     0  startup_s32k144.o(.text)
    FTM0_Ch2_Ch3_IRQHandler                  0x0000072d   Thumb Code     0  startup_s32k144.o(.text)
    FTM0_Ch4_Ch5_IRQHandler                  0x0000072d   Thumb Code     0  startup_s32k144.o(.text)
    FTM0_Ch6_Ch7_IRQHandler                  0x0000072d   Thumb Code     0  startup_s32k144.o(.text)
    FTM0_Fault_IRQHandler                    0x0000072d   Thumb Code     0  startup_s32k144.o(.text)
    FTM0_Ovf_Reload_IRQHandler               0x0000072d   Thumb Code     0  startup_s32k144.o(.text)
    FTM1_Ch0_Ch1_IRQHandler                  0x0000072d   Thumb Code     0  startup_s32k144.o(.text)
    FTM1_Ch2_Ch3_IRQHandler                  0x0000072d   Thumb Code     0  startup_s32k144.o(.text)
    FTM1_Ch4_Ch5_IRQHandler                  0x0000072d   Thumb Code     0  startup_s32k144.o(.text)
    FTM1_Ch6_Ch7_IRQHandler                  0x0000072d   Thumb Code     0  startup_s32k144.o(.text)
    FTM1_Fault_IRQHandler                    0x0000072d   Thumb Code     0  startup_s32k144.o(.text)
    FTM1_Ovf_Reload_IRQHandler               0x0000072d   Thumb Code     0  startup_s32k144.o(.text)
    FTM2_Ch0_Ch1_IRQHandler                  0x0000072d   Thumb Code     0  startup_s32k144.o(.text)
    FTM2_Ch2_Ch3_IRQHandler                  0x0000072d   Thumb Code     0  startup_s32k144.o(.text)
    FTM2_Ch4_Ch5_IRQHandler                  0x0000072d   Thumb Code     0  startup_s32k144.o(.text)
    FTM2_Ch6_Ch7_IRQHandler                  0x0000072d   Thumb Code     0  startup_s32k144.o(.text)
    FTM2_Fault_IRQHandler                    0x0000072d   Thumb Code     0  startup_s32k144.o(.text)
    FTM2_Ovf_Reload_IRQHandler               0x0000072d   Thumb Code     0  startup_s32k144.o(.text)
    FTM3_Ch0_Ch1_IRQHandler                  0x0000072d   Thumb Code     0  startup_s32k144.o(.text)
    FTM3_Ch2_Ch3_IRQHandler                  0x0000072d   Thumb Code     0  startup_s32k144.o(.text)
    FTM3_Ch4_Ch5_IRQHandler                  0x0000072d   Thumb Code     0  startup_s32k144.o(.text)
    FTM3_Ch6_Ch7_IRQHandler                  0x0000072d   Thumb Code     0  startup_s32k144.o(.text)
    FTM3_Fault_IRQHandler                    0x0000072d   Thumb Code     0  startup_s32k144.o(.text)
    FTM3_Ovf_Reload_IRQHandler               0x0000072d   Thumb Code     0  startup_s32k144.o(.text)
    LPI2C0_Master_IRQHandler                 0x0000072d   Thumb Code     0  startup_s32k144.o(.text)
    LPI2C0_Slave_IRQHandler                  0x0000072d   Thumb Code     0  startup_s32k144.o(.text)
    LPSPI0_IRQHandler                        0x0000072d   Thumb Code     0  startup_s32k144.o(.text)
    LPSPI1_IRQHandler                        0x0000072d   Thumb Code     0  startup_s32k144.o(.text)
    LPSPI2_IRQHandler                        0x0000072d   Thumb Code     0  startup_s32k144.o(.text)
    LPTMR0_IRQHandler                        0x0000072d   Thumb Code     0  startup_s32k144.o(.text)
    LPUART0_RxTx_IRQHandler                  0x0000072d   Thumb Code     0  startup_s32k144.o(.text)
    LPUART1_RxTx_IRQHandler                  0x0000072d   Thumb Code     0  startup_s32k144.o(.text)
    LPUART2_RxTx_IRQHandler                  0x0000072d   Thumb Code     0  startup_s32k144.o(.text)
    LVD_LVW_IRQHandler                       0x0000072d   Thumb Code     0  startup_s32k144.o(.text)
    MCM_IRQHandler                           0x0000072d   Thumb Code     0  startup_s32k144.o(.text)
    PDB0_IRQHandler                          0x0000072d   Thumb Code     0  startup_s32k144.o(.text)
    PDB1_IRQHandler                          0x0000072d   Thumb Code     0  startup_s32k144.o(.text)
    PORTA_IRQHandler                         0x0000072d   Thumb Code     0  startup_s32k144.o(.text)
    PORTB_IRQHandler                         0x0000072d   Thumb Code     0  startup_s32k144.o(.text)
    PORTD_IRQHandler                         0x0000072d   Thumb Code     0  startup_s32k144.o(.text)
    PORTE_IRQHandler                         0x0000072d   Thumb Code     0  startup_s32k144.o(.text)
    RCM_IRQHandler                           0x0000072d   Thumb Code     0  startup_s32k144.o(.text)
    RTC_IRQHandler                           0x0000072d   Thumb Code     0  startup_s32k144.o(.text)
    RTC_Seconds_IRQHandler                   0x0000072d   Thumb Code     0  startup_s32k144.o(.text)
    Read_Collision_IRQHandler                0x0000072d   Thumb Code     0  startup_s32k144.o(.text)
    Reserved100_IRQHandler                   0x0000072d   Thumb Code     0  startup_s32k144.o(.text)
    Reserved103_IRQHandler                   0x0000072d   Thumb Code     0  startup_s32k144.o(.text)
    Reserved105_IRQHandler                   0x0000072d   Thumb Code     0  startup_s32k144.o(.text)
    Reserved106_IRQHandler                   0x0000072d   Thumb Code     0  startup_s32k144.o(.text)
    Reserved107_IRQHandler                   0x0000072d   Thumb Code     0  startup_s32k144.o(.text)
    Reserved110_IRQHandler                   0x0000072d   Thumb Code     0  startup_s32k144.o(.text)
    Reserved112_IRQHandler                   0x0000072d   Thumb Code     0  startup_s32k144.o(.text)
    Reserved113_IRQHandler                   0x0000072d   Thumb Code     0  startup_s32k144.o(.text)
    Reserved114_IRQHandler                   0x0000072d   Thumb Code     0  startup_s32k144.o(.text)
    Reserved45_IRQHandler                    0x0000072d   Thumb Code     0  startup_s32k144.o(.text)
    Reserved46_IRQHandler                    0x0000072d   Thumb Code     0  startup_s32k144.o(.text)
    Reserved48_IRQHandler                    0x0000072d   Thumb Code     0  startup_s32k144.o(.text)
    Reserved50_IRQHandler                    0x0000072d   Thumb Code     0  startup_s32k144.o(.text)
    Reserved52_IRQHandler                    0x0000072d   Thumb Code     0  startup_s32k144.o(.text)
    Reserved53_IRQHandler                    0x0000072d   Thumb Code     0  startup_s32k144.o(.text)
    Reserved54_IRQHandler                    0x0000072d   Thumb Code     0  startup_s32k144.o(.text)
    Reserved58_IRQHandler                    0x0000072d   Thumb Code     0  startup_s32k144.o(.text)
    Reserved59_IRQHandler                    0x0000072d   Thumb Code     0  startup_s32k144.o(.text)
    Reserved69_IRQHandler                    0x0000072d   Thumb Code     0  startup_s32k144.o(.text)
    Reserved70_IRQHandler                    0x0000072d   Thumb Code     0  startup_s32k144.o(.text)
    Reserved71_IRQHandler                    0x0000072d   Thumb Code     0  startup_s32k144.o(.text)
    Reserved72_IRQHandler                    0x0000072d   Thumb Code     0  startup_s32k144.o(.text)
    Reserved81_IRQHandler                    0x0000072d   Thumb Code     0  startup_s32k144.o(.text)
    Reserved82_IRQHandler                    0x0000072d   Thumb Code     0  startup_s32k144.o(.text)
    Reserved83_IRQHandler                    0x0000072d   Thumb Code     0  startup_s32k144.o(.text)
    Reserved86_IRQHandler                    0x0000072d   Thumb Code     0  startup_s32k144.o(.text)
    Reserved87_IRQHandler                    0x0000072d   Thumb Code     0  startup_s32k144.o(.text)
    Reserved88_IRQHandler                    0x0000072d   Thumb Code     0  startup_s32k144.o(.text)
    Reserved89_IRQHandler                    0x0000072d   Thumb Code     0  startup_s32k144.o(.text)
    Reserved90_IRQHandler                    0x0000072d   Thumb Code     0  startup_s32k144.o(.text)
    Reserved91_IRQHandler                    0x0000072d   Thumb Code     0  startup_s32k144.o(.text)
    Reserved92_IRQHandler                    0x0000072d   Thumb Code     0  startup_s32k144.o(.text)
    Reserved93_IRQHandler                    0x0000072d   Thumb Code     0  startup_s32k144.o(.text)
    Reserved99_IRQHandler                    0x0000072d   Thumb Code     0  startup_s32k144.o(.text)
    SCG_IRQHandler                           0x0000072d   Thumb Code     0  startup_s32k144.o(.text)
    SWI_IRQHandler                           0x0000072d   Thumb Code     0  startup_s32k144.o(.text)
    WDOG_EWM_IRQHandler                      0x0000072d   Thumb Code     0  startup_s32k144.o(.text)
    srand                                    0x00000745   Thumb Code    42  rand.o(.text)
    _rand_init                               0x0000076f   Thumb Code     4  rand.o(.text)
    __read_errno                             0x00000781   Thumb Code    10  _rserrno.o(.text)
    __set_errno                              0x0000078b   Thumb Code    12  _rserrno.o(.text)
    __aeabi_errno_addr                       0x00000799   Thumb Code     8  rt_errno_addr_intlibspace.o(.text)
    __errno$intlibspace                      0x00000799   Thumb Code     0  rt_errno_addr_intlibspace.o(.text)
    __rt_errno_addr$intlibspace              0x00000799   Thumb Code     0  rt_errno_addr_intlibspace.o(.text)
    exit                                     0x000007a1   Thumb Code    18  exit.o(.text)
    __I$use$semihosting                      0x000007b3   Thumb Code     0  use_no_semi.o(.text)
    __use_no_semihosting_swi                 0x000007b3   Thumb Code     2  use_no_semi.o(.text)
    __semihosting_library_function           0x000007b5   Thumb Code     0  indicate_semi.o(.text)
    _sys_exit                                0x000007b5   Thumb Code     8  sys_exit.o(.text)
    ADC_init                                 0x000007c1   Thumb Code   100  adc.o(.text.ADC_init)
    FTM0_CH2_PWM                             0x00000825   Thumb Code    48  main.o(.text.FTM0_CH2_PWM)
    FTM_init                                 0x00000855   Thumb Code   130  main.o(.text.FTM_init)
    LPIT0_Ch0_IRQHandler                     0x000008d9   Thumb Code    98  main.o(.text.LPIT0_Ch0_IRQHandler)
    LPIT0_Ch1_IRQHandler                     0x0000093d   Thumb Code    50  main.o(.text.LPIT0_Ch1_IRQHandler)
    LPIT0_Ch2_IRQHandler                     0x00000971   Thumb Code    46  main.o(.text.LPIT0_Ch2_IRQHandler)
    LPIT0_Ch3_IRQHandler                     0x000009a1   Thumb Code    32  main.o(.text.LPIT0_Ch3_IRQHandler)
    LPIT0_init                               0x000009c1   Thumb Code   148  main.o(.text.LPIT0_init)
    NVIC_init_IRQs                           0x00000a55   Thumb Code   106  main.o(.text.NVIC_init_IRQs)
    NormalRUNmode_80MHz                      0x00000ac1   Thumb Code    60  clocks_and_modes.o(.text.NormalRUNmode_80MHz)
    PORTC_IRQHandler                         0x00000afd   Thumb Code    68  main.o(.text.PORTC_IRQHandler)
    PORT_init                                0x00000b41   Thumb Code   314  main.o(.text.PORT_init)
    R2D                                      0x00000c81   Thumb Code    72  main.o(.text.R2D)
    SOSC_init_8MHz                           0x00000cc9   Thumb Code    84  clocks_and_modes.o(.text.SOSC_init_8MHz)
    SPLL_init_160MHz                         0x00000d1d   Thumb Code   132  clocks_and_modes.o(.text.SPLL_init_160MHz)
    Seg_out                                  0x00000da1   Thumb Code   886  main.o(.text.Seg_out)
    SystemInit                               0x00001119   Thumb Code    82  system_s32k144.o(.text.SystemInit)
    WDOG_disable                             0x0000116d   Thumb Code    48  main.o(.text.WDOG_disable)
    adc_complete                             0x0000119d   Thumb Code    16  adc.o(.text.adc_complete)
    cal_gimbal_angle                         0x000011b1   Thumb Code   272  main.o(.text.cal_gimbal_angle)
    cal_torque                               0x000012c1   Thumb Code    48  main.o(.text.cal_torque)
    convertAdcChan                           0x000012f1   Thumb Code    36  adc.o(.text.convertAdcChan)
    difference                               0x00001319   Thumb Code    64  main.o(.text.difference)
    init_data_bss                            0x00001359   Thumb Code   160  startup.o(.text.init_data_bss)
    initialize_parameters                    0x000013f9   Thumb Code   520  main.o(.text.initialize_parameters)
    integrate                                0x00001601   Thumb Code    96  main.o(.text.integrate)
    main                                     0x00001661   Thumb Code  2120  main.o(.text.main)
    mass_moment_of_inertia                   0x00001ea9   Thumb Code   160  main.o(.text.mass_moment_of_inertia)
    pid_controller                           0x00001f49   Thumb Code   238  main.o(.text.pid_controller)
    plant                                    0x00002039   Thumb Code   464  main.o(.text.plant)
    propellent_update                        0x00002209   Thumb Code   104  main.o(.text.propellent_update)
    read_adc_chx                             0x00002271   Thumb Code    56  adc.o(.text.read_adc_chx)
    reset_dot                                0x000022a9   Thumb Code    64  main.o(.text.reset_dot)
    saturation                               0x000022e9   Thumb Code   104  main.o(.text.saturation)
    trajectory_generator                     0x00002351   Thumb Code   344  main.o(.text.trajectory_generator)
    velocity_calculator                      0x000024a9   Thumb Code   112  main.o(.text.velocity_calculator)
    velocity_equation                        0x00002519   Thumb Code   160  main.o(.text.velocity_equation)
    whiteNoise                               0x000025b9   Thumb Code    88  main.o(.text.whiteNoise)
    __ARM_fpclassify                         0x00002611   Thumb Code    48  fpclassify.o(i.__ARM_fpclassify)
    __hardfp_asin                            0x00002641   Thumb Code   770  asin.o(i.__hardfp_asin)
    __hardfp_log                             0x000029a1   Thumb Code   872  log.o(i.__hardfp_log)
    __hardfp_sin                             0x00002d69   Thumb Code   180  sin.o(i.__hardfp_sin)
    __ieee754_rem_pio2                       0x00002e31   Thumb Code   938  rred.o(i.__ieee754_rem_pio2)
    __kernel_cos                             0x00003269   Thumb Code   322  cos_i.o(i.__kernel_cos)
    __kernel_poly                            0x000033d9   Thumb Code   248  poly.o(i.__kernel_poly)
    __kernel_sin                             0x000034d1   Thumb Code   280  sin_i.o(i.__kernel_sin)
    __mathlib_dbl_divzero                    0x00003601   Thumb Code    28  dunder.o(i.__mathlib_dbl_divzero)
    __mathlib_dbl_infnan                     0x00003631   Thumb Code    20  dunder.o(i.__mathlib_dbl_infnan)
    __mathlib_dbl_invalid                    0x00003649   Thumb Code    24  dunder.o(i.__mathlib_dbl_invalid)
    __mathlib_dbl_underflow                  0x00003669   Thumb Code    24  dunder.o(i.__mathlib_dbl_underflow)
    fabs                                     0x00003689   Thumb Code    24  fabs.o(i.fabs)
    sqrt                                     0x000036a1   Thumb Code   110  sqrt.o(i.sqrt)
    __aeabi_dneg                             0x0000370f   Thumb Code     0  basic.o(x$fpl$basic)
    _dneg                                    0x0000370f   Thumb Code     6  basic.o(x$fpl$basic)
    __aeabi_fneg                             0x00003715   Thumb Code     0  basic.o(x$fpl$basic)
    _fneg                                    0x00003715   Thumb Code     6  basic.o(x$fpl$basic)
    _dabs                                    0x0000371b   Thumb Code     6  basic.o(x$fpl$basic)
    _fabs                                    0x00003721   Thumb Code     6  basic.o(x$fpl$basic)
    __aeabi_dadd                             0x00003729   Thumb Code     0  daddsub_clz.o(x$fpl$dadd)
    _dadd                                    0x00003729   Thumb Code   332  daddsub_clz.o(x$fpl$dadd)
    __fpl_dcmp_Inf                           0x00003879   Thumb Code    24  dcmpi.o(x$fpl$dcmpinf)
    __aeabi_ddiv                             0x00003891   Thumb Code     0  ddiv.o(x$fpl$ddiv)
    _ddiv                                    0x00003891   Thumb Code   556  ddiv.o(x$fpl$ddiv)
    __aeabi_cdcmpeq                          0x00003b45   Thumb Code     0  deqf.o(x$fpl$deqf)
    _dcmpeq                                  0x00003b45   Thumb Code   120  deqf.o(x$fpl$deqf)
    __aeabi_d2iz                             0x00003bbd   Thumb Code     0  dfix.o(x$fpl$dfix)
    _dfix                                    0x00003bbd   Thumb Code    94  dfix.o(x$fpl$dfix)
    __aeabi_i2d                              0x00003c1b   Thumb Code     0  dflt_clz.o(x$fpl$dflt)
    _dflt                                    0x00003c1b   Thumb Code    46  dflt_clz.o(x$fpl$dflt)
    __aeabi_ui2d                             0x00003c49   Thumb Code     0  dflt_clz.o(x$fpl$dfltu)
    _dfltu                                   0x00003c49   Thumb Code    38  dflt_clz.o(x$fpl$dfltu)
    __aeabi_cdcmpge                          0x00003c71   Thumb Code     0  dgeqf.o(x$fpl$dgeqf)
    _dcmpge                                  0x00003c71   Thumb Code   120  dgeqf.o(x$fpl$dgeqf)
    __aeabi_cdcmple                          0x00003ce9   Thumb Code     0  dleqf.o(x$fpl$dleqf)
    _dcmple                                  0x00003ce9   Thumb Code   120  dleqf.o(x$fpl$dleqf)
    __fpl_dcmple_InfNaN                      0x00003d4b   Thumb Code     0  dleqf.o(x$fpl$dleqf)
    __aeabi_dmul                             0x00003d61   Thumb Code     0  dmul.o(x$fpl$dmul)
    _dmul                                    0x00003d61   Thumb Code   332  dmul.o(x$fpl$dmul)
    __fpl_dnaninf                            0x00003eb5   Thumb Code   156  dnaninf.o(x$fpl$dnaninf)
    __fpl_dretinf                            0x00003f51   Thumb Code    12  dretinf.o(x$fpl$dretinf)
    __aeabi_drsub                            0x00003f5d   Thumb Code     0  daddsub_clz.o(x$fpl$drsb)
    _drsb                                    0x00003f5d   Thumb Code    22  daddsub_clz.o(x$fpl$drsb)
    _dsqrt                                   0x00003f75   Thumb Code   404  dsqrt_umaal.o(x$fpl$dsqrt)
    __aeabi_dsub                             0x0000410d   Thumb Code     0  daddsub_clz.o(x$fpl$dsub)
    _dsub                                    0x0000410d   Thumb Code   472  daddsub_clz.o(x$fpl$dsub)
    __aeabi_dcmpeq                           0x000042e9   Thumb Code     0  dcmp.o(x$fpl$fcmp)
    _deq                                     0x000042e9   Thumb Code    14  dcmp.o(x$fpl$fcmp)
    _dneq                                    0x000042f7   Thumb Code    14  dcmp.o(x$fpl$fcmp)
    __aeabi_dcmpgt                           0x00004305   Thumb Code     0  dcmp.o(x$fpl$fcmp)
    _dgr                                     0x00004305   Thumb Code    14  dcmp.o(x$fpl$fcmp)
    __aeabi_dcmpge                           0x00004313   Thumb Code     0  dcmp.o(x$fpl$fcmp)
    _dgeq                                    0x00004313   Thumb Code    14  dcmp.o(x$fpl$fcmp)
    __aeabi_dcmple                           0x00004321   Thumb Code     0  dcmp.o(x$fpl$fcmp)
    _dleq                                    0x00004321   Thumb Code    14  dcmp.o(x$fpl$fcmp)
    __aeabi_dcmplt                           0x0000432f   Thumb Code     0  dcmp.o(x$fpl$fcmp)
    _dls                                     0x0000432f   Thumb Code    14  dcmp.o(x$fpl$fcmp)
    _fp_init                                 0x0000433d   Thumb Code    26  fpinit.o(x$fpl$fpinit)
    __fplib_config_fpu_vfp                   0x00004355   Thumb Code     0  fpinit.o(x$fpl$fpinit)
    __fplib_config_pureend_doubles           0x00004355   Thumb Code     0  fpinit.o(x$fpl$fpinit)
    __I$use$fp                               0x00004356   Number         0  usenofp.o(x$fpl$usenofp)
    Region$$Table$$Base                      0x00004358   Number         0  anon$$obj.o(Region$$Table)
    Image$$ER_m_text$$Limit                  0x00004378   Number         0  anon$$obj.o ABSOLUTE
    Region$$Table$$Limit                     0x00004378   Number         0  anon$$obj.o(Region$$Table)
    Image$$VECTOR_RAM$$Base                  0x1fff8000   Number         0  anon$$obj.o ABSOLUTE
    FND_DATA                                 0x1fff8400   Data          40  main.o(.data.FND_DATA)
    Image$$RW_m_data$$Base                   0x1fff8400   Number         0  anon$$obj.o ABSOLUTE
    kd                                       0x1fff8428   Data           8  main.o(.data.kd)
    kp                                       0x1fff8430   Data           8  main.o(.data.kp)
    spacecraft_height                        0x1fff8438   Data           8  main.o(.data.spacecraft_height)
    spacecraft_width                         0x1fff8440   Data           8  main.o(.data.spacecraft_width)
    Image$$RW_m_code$$Base                   0x1fff8448   Number         0  anon$$obj.o ABSOLUTE
    Image$$RW_m_code$$Limit                  0x1fff8448   Number         0  anon$$obj.o ABSOLUTE
    Image$$RW_m_data$$Limit                  0x1fff8448   Number         0  anon$$obj.o ABSOLUTE
    Image$$RW_m_custom_section$$Base         0x20000000   Number         0  anon$$obj.o ABSOLUTE
    Image$$RW_m_custom_section$$Limit        0x20000000   Number         0  anon$$obj.o ABSOLUTE
    Image$$RW_m_data_2$$ZI$$Base             0x20000000   Number         0  anon$$obj.o ABSOLUTE
    _random_number_data                      0x20000000   Data         228  rand.o(.bss)
    __libspace_start                         0x200000e4   Data          96  libspace.o(.bss)
    __temporary_stack_top$libspace           0x20000144   Data           0  libspace.o(.bss)
    accumulated_angle                        0x20000148   Data           8  main.o(.bss.accumulated_angle)
    angular_velocity                         0x20000150   Data           8  main.o(.bss.angular_velocity)
    burntime                                 0x20000158   Data           8  main.o(.bss.burntime)
    consume_ratio                            0x20000160   Data           8  main.o(.bss.consume_ratio)
    current_pitch                            0x20000168   Data           8  main.o(.bss.current_pitch)
    desired_pitch                            0x20000170   Data           8  main.o(.bss.desired_pitch)
    display_clock                            0x20000178   Data           4  main.o(.bss.display_clock)
    dot0                                     0x2000017c   Data           4  main.o(.bss.dot0)
    dot1                                     0x20000180   Data           4  main.o(.bss.dot1)
    dot2                                     0x20000184   Data           4  main.o(.bss.dot2)
    dot3                                     0x20000188   Data           4  main.o(.bss.dot3)
    dot4                                     0x2000018c   Data           4  main.o(.bss.dot4)
    dot5                                     0x20000190   Data           4  main.o(.bss.dot5)
    error                                    0x20000198   Data           8  main.o(.bss.error)
    final_mass                               0x200001a0   Data           8  main.o(.bss.final_mass)
    final_mass_ratio                         0x200001a8   Data           8  main.o(.bss.final_mass_ratio)
    final_speed                              0x200001b0   Data           8  main.o(.bss.final_speed)
    gimbal_angle                             0x200001b8   Data           8  main.o(.bss.gimbal_angle)
    half_second                              0x200001c0   Data           4  main.o(.bss.half_second)
    idle_counter                             0x200001c4   Data           4  main.o(.bss.idle_counter)
    incremental_angle                        0x200001c8   Data           8  main.o(.bss.incremental_angle)
    initial_mass                             0x200001d0   Data           8  main.o(.bss.initial_mass)
    initial_velocity                         0x200001d8   Data           8  main.o(.bss.initial_velocity)
    j                                        0x200001e0   Data           4  main.o(.bss.j)
    ln_mass_ratio                            0x200001e8   Data           8  main.o(.bss.ln_mass_ratio)
    lpit0_ch0_flag_counter                   0x200001f0   Data           4  main.o(.bss.lpit0_ch0_flag_counter)
    lpit0_ch1_flag_counter                   0x200001f4   Data           4  main.o(.bss.lpit0_ch1_flag_counter)
    lpit0_ch2_flag_counter                   0x200001f8   Data           4  main.o(.bss.lpit0_ch2_flag_counter)
    lpit0_ch3_flag_counter                   0x200001fc   Data           4  main.o(.bss.lpit0_ch3_flag_counter)
    mmoi                                     0x20000200   Data           8  main.o(.bss.mmoi)
    noise                                    0x20000208   Data           8  main.o(.bss.noise)
    num                                      0x20000210   Data           4  main.o(.bss.num)
    num0                                     0x20000214   Data           4  main.o(.bss.num0)
    num1                                     0x20000218   Data           4  main.o(.bss.num1)
    num2                                     0x2000021c   Data           4  main.o(.bss.num2)
    num3                                     0x20000220   Data           4  main.o(.bss.num3)
    num4                                     0x20000224   Data           4  main.o(.bss.num4)
    num5                                     0x20000228   Data           4  main.o(.bss.num5)
    pid                                      0x20000230   Data           8  main.o(.bss.pid)
    pitch                                    0x20000238   Data           8  main.o(.bss.pitch)
    pitch_temp                               0x20000240   Data           8  main.o(.bss.pitch_temp)
    print_item                               0x20000248   Data           4  main.o(.bss.print_item)
    propellent_mass                          0x20000250   Data           8  main.o(.bss.propellent_mass)
    relative_velocity                        0x20000258   Data           8  main.o(.bss.relative_velocity)
    specific_impulse                         0x20000260   Data           8  main.o(.bss.specific_impulse)
    thrust                                   0x20000268   Data           8  main.o(.bss.thrust)
    torque                                   0x20000270   Data           8  main.o(.bss.torque)
    total_mass_1                             0x20000278   Data           4  main.o(.bss.total_mass_1)
    total_mass_2                             0x2000027c   Data           4  main.o(.bss.total_mass_2)
    total_mass_3                             0x20000280   Data           4  main.o(.bss.total_mass_3)
    total_mass_4                             0x20000284   Data           4  main.o(.bss.total_mass_4)
    travel_distance                          0x20000288   Data           8  main.o(.bss.travel_distance)
    tt                                       0x20000290   Data           8  main.o(.bss.tt)
    used_propellent_mass                     0x20000298   Data           8  main.o(.bss.used_propellent_mass)
    velocity                                 0x200002a0   Data           8  main.o(.bss.velocity)
    wheel_temp                               0x200002a8   Data           4  main.o(.bss.wheel_temp)
    Image$$ARM_LIB_HEAP$$ZI$$Base            0x200002ac   Number         0  anon$$obj.o ABSOLUTE
    Image$$RW_m_data_2$$ZI$$Limit            0x200002ac   Number         0  anon$$obj.o ABSOLUTE
    Image$$ARM_LIB_HEAP$$ZI$$Limit           0x200006ac   Number         0  anon$$obj.o ABSOLUTE
    Image$$ARM_LIB_STACK$$Limit              0x20006c00   Number         0  anon$$obj.o ABSOLUTE
    Image$$ARM_LIB_STACK$$ZI$$Limit          0x20007000   Number         0  anon$$obj.o ABSOLUTE



==============================================================================

Memory Map of the image

  Image Entry point : 0x000005d1

  Load Region LR_m_text (Base: 0x00000000, Size: 0x000043c0, Max: 0x00080000, ABSOLUTE)

    Execution Region VECTOR_ROM (Exec base: 0x00000000, Load base: 0x00000000, Size: 0x00000230, Max: 0x00000400, ABSOLUTE)

    Exec Addr    Load Addr    Size         Type   Attr      Idx    E Section Name        Object

    0x00000000   0x00000000   0x00000230   Data   RO          193    RESET               startup_s32k144.o


    Execution Region ER_m_flash_config (Exec base: 0x00000400, Load base: 0x00000400, Size: 0x00000010, Max: 0x00000010, ABSOLUTE, FIXED)

    Exec Addr    Load Addr    Size         Type   Attr      Idx    E Section Name        Object

    0x00000400   0x00000400   0x00000010   Data   RO          194    FlashConfig         startup_s32k144.o


    Execution Region ER_m_text_const (Exec base: 0x00000410, Load base: 0x00000410, Size: 0x000001bc, Max: 0xffffffff, ABSOLUTE)

    Exec Addr    Load Addr    Size         Type   Attr      Idx    E Section Name        Object

    0x00000410   0x00000410   0x00000050   Data   RO          251    .constdata          m_wm.l(asin.o)
    0x00000460   0x00000460   0x00000038   Data   RO          258    .constdata          m_wm.l(log.o)
    0x00000498   0x00000498   0x00000030   Data   RO          332    .constdata          m_wm.l(cos_i.o)
    0x000004c8   0x000004c8   0x00000008   Data   RO          358    .constdata          m_wm.l(qnan.o)
    0x000004d0   0x000004d0   0x000000cc   Data   RO          361    .constdata          m_wm.l(rred.o)
    0x0000059c   0x0000059c   0x00000004   PAD
    0x000005a0   0x000005a0   0x00000028   Data   RO          365    .constdata          m_wm.l(sin_i.o)
    0x000005c8   0x000005c8   0x00000004   Data   RO          186    .rodata.s_vectors   startup.o


    Execution Region ER_m_text (Exec base: 0x000005d0, Load base: 0x000005d0, Size: 0x00003da8, Max: 0x0007fbf0, ABSOLUTE)

    Exec Addr    Load Addr    Size         Type   Attr      Idx    E Section Name        Object

    0x000005d0   0x000005d0   0x00000008   Code   RO          222  * !!!main             c_w.l(__main.o)
    0x000005d8   0x000005d8   0x00000034   Code   RO          510    !!!scatter          c_w.l(__scatter.o)
    0x0000060c   0x0000060c   0x0000001a   Code   RO          512    !!handler_copy      c_w.l(__scatter_copy.o)
    0x00000626   0x00000626   0x00000002   PAD
    0x00000628   0x00000628   0x0000001c   Code   RO          514    !!handler_zi        c_w.l(__scatter_zi.o)
    0x00000644   0x00000644   0x00000002   Code   RO          422    .ARM.Collect$$libinit$$00000000  c_w.l(libinit.o)
    0x00000646   0x00000646   0x00000004   Code   RO          271    .ARM.Collect$$libinit$$00000001  c_w.l(libinit2.o)
    0x0000064a   0x0000064a   0x00000000   Code   RO          274    .ARM.Collect$$libinit$$00000004  c_w.l(libinit2.o)
    0x0000064a   0x0000064a   0x00000000   Code   RO          276    .ARM.Collect$$libinit$$00000006  c_w.l(libinit2.o)
    0x0000064a   0x0000064a   0x00000000   Code   RO          279    .ARM.Collect$$libinit$$0000000C  c_w.l(libinit2.o)
    0x0000064a   0x0000064a   0x00000000   Code   RO          281    .ARM.Collect$$libinit$$0000000E  c_w.l(libinit2.o)
    0x0000064a   0x0000064a   0x00000004   Code   RO          282    .ARM.Collect$$libinit$$0000000F  c_w.l(libinit2.o)
    0x0000064e   0x0000064e   0x00000000   Code   RO          283    .ARM.Collect$$libinit$$00000010  c_w.l(libinit2.o)
    0x0000064e   0x0000064e   0x00000000   Code   RO          286    .ARM.Collect$$libinit$$00000013  c_w.l(libinit2.o)
    0x0000064e   0x0000064e   0x00000000   Code   RO          288    .ARM.Collect$$libinit$$00000015  c_w.l(libinit2.o)
    0x0000064e   0x0000064e   0x00000000   Code   RO          290    .ARM.Collect$$libinit$$00000017  c_w.l(libinit2.o)
    0x0000064e   0x0000064e   0x00000000   Code   RO          292    .ARM.Collect$$libinit$$00000019  c_w.l(libinit2.o)
    0x0000064e   0x0000064e   0x00000000   Code   RO          294    .ARM.Collect$$libinit$$0000001B  c_w.l(libinit2.o)
    0x0000064e   0x0000064e   0x00000000   Code   RO          296    .ARM.Collect$$libinit$$0000001D  c_w.l(libinit2.o)
    0x0000064e   0x0000064e   0x00000000   Code   RO          298    .ARM.Collect$$libinit$$0000001F  c_w.l(libinit2.o)
    0x0000064e   0x0000064e   0x00000000   Code   RO          300    .ARM.Collect$$libinit$$00000021  c_w.l(libinit2.o)
    0x0000064e   0x0000064e   0x00000000   Code   RO          302    .ARM.Collect$$libinit$$00000023  c_w.l(libinit2.o)
    0x0000064e   0x0000064e   0x00000000   Code   RO          304    .ARM.Collect$$libinit$$00000025  c_w.l(libinit2.o)
    0x0000064e   0x0000064e   0x00000000   Code   RO          306    .ARM.Collect$$libinit$$00000027  c_w.l(libinit2.o)
    0x0000064e   0x0000064e   0x00000000   Code   RO          310    .ARM.Collect$$libinit$$0000002E  c_w.l(libinit2.o)
    0x0000064e   0x0000064e   0x00000000   Code   RO          312    .ARM.Collect$$libinit$$00000030  c_w.l(libinit2.o)
    0x0000064e   0x0000064e   0x00000000   Code   RO          314    .ARM.Collect$$libinit$$00000032  c_w.l(libinit2.o)
    0x0000064e   0x0000064e   0x00000000   Code   RO          316    .ARM.Collect$$libinit$$00000034  c_w.l(libinit2.o)
    0x0000064e   0x0000064e   0x00000002   Code   RO          317    .ARM.Collect$$libinit$$00000035  c_w.l(libinit2.o)
    0x00000650   0x00000650   0x00000002   Code   RO          469    .ARM.Collect$$libshutdown$$00000000  c_w.l(libshutdown.o)
    0x00000652   0x00000652   0x00000000   Code   RO          477    .ARM.Collect$$libshutdown$$00000002  c_w.l(libshutdown2.o)
    0x00000652   0x00000652   0x00000000   Code   RO          479    .ARM.Collect$$libshutdown$$00000004  c_w.l(libshutdown2.o)
    0x00000652   0x00000652   0x00000000   Code   RO          482    .ARM.Collect$$libshutdown$$00000007  c_w.l(libshutdown2.o)
    0x00000652   0x00000652   0x00000000   Code   RO          485    .ARM.Collect$$libshutdown$$0000000A  c_w.l(libshutdown2.o)
    0x00000652   0x00000652   0x00000000   Code   RO          487    .ARM.Collect$$libshutdown$$0000000C  c_w.l(libshutdown2.o)
    0x00000652   0x00000652   0x00000000   Code   RO          490    .ARM.Collect$$libshutdown$$0000000F  c_w.l(libshutdown2.o)
    0x00000652   0x00000652   0x00000002   Code   RO          491    .ARM.Collect$$libshutdown$$00000010  c_w.l(libshutdown2.o)
    0x00000654   0x00000654   0x00000000   Code   RO          268    .ARM.Collect$$rtentry$$00000000  c_w.l(__rtentry.o)
    0x00000654   0x00000654   0x00000000   Code   RO          374    .ARM.Collect$$rtentry$$00000002  c_w.l(__rtentry2.o)
    0x00000654   0x00000654   0x00000004   Code   RO          388    .ARM.Collect$$rtentry$$00000007  c_w.l(__rtentry7.o)
    0x00000658   0x00000658   0x00000000   Code   RO          376    .ARM.Collect$$rtentry$$00000009  c_w.l(__rtentry2.o)
    0x00000658   0x00000658   0x00000004   Code   RO          377    .ARM.Collect$$rtentry$$0000000A  c_w.l(__rtentry2.o)
    0x0000065c   0x0000065c   0x00000000   Code   RO          379    .ARM.Collect$$rtentry$$0000000C  c_w.l(__rtentry2.o)
    0x0000065c   0x0000065c   0x00000008   Code   RO          380    .ARM.Collect$$rtentry$$0000000D  c_w.l(__rtentry2.o)
    0x00000664   0x00000664   0x00000004   Code   RO          389    .ARM.Collect$$rtentry$$00002718  c_w.l(__rtentry7.o)
    0x00000668   0x00000668   0x00000002   Code   RO          431    .ARM.Collect$$rtexit$$00000000  c_w.l(rtexit.o)
    0x0000066a   0x0000066a   0x00000000   Code   RO          447    .ARM.Collect$$rtexit$$00000002  c_w.l(rtexit2.o)
    0x0000066a   0x0000066a   0x00000004   Code   RO          448    .ARM.Collect$$rtexit$$00000003  c_w.l(rtexit2.o)
    0x0000066e   0x0000066e   0x00000006   Code   RO          449    .ARM.Collect$$rtexit$$00000004  c_w.l(rtexit2.o)
    0x00000674   0x00000674   0x00000034   Code   RO          217    .emb_text           c_w.l(rand.o)
    0x000006a8   0x000006a8   0x0000009c   Code   RO          192    .text               startup_s32k144.o
    0x00000744   0x00000744   0x0000003c   Code   RO          218    .text               c_w.l(rand.o)
    0x00000780   0x00000780   0x00000016   Code   RO          269    .text               c_w.l(_rserrno.o)
    0x00000796   0x00000796   0x00000002   PAD
    0x00000798   0x00000798   0x00000008   Code   RO          396    .text               c_w.l(rt_errno_addr_intlibspace.o)
    0x000007a0   0x000007a0   0x00000012   Code   RO          411    .text               c_w.l(exit.o)
    0x000007b2   0x000007b2   0x00000002   Code   RO          443    .text               c_w.l(use_no_semi.o)
    0x000007b4   0x000007b4   0x00000000   Code   RO          445    .text               c_w.l(indicate_semi.o)
    0x000007b4   0x000007b4   0x0000000c   Code   RO          459    .text               c_w.l(sys_exit.o)
    0x000007c0   0x000007c0   0x00000064   Code   RO          167    .text.ADC_init      adc.o
    0x00000824   0x00000824   0x00000030   Code   RO           25    .text.FTM0_CH2_PWM  main.o
    0x00000854   0x00000854   0x00000082   Code   RO           23    .text.FTM_init      main.o
    0x000008d6   0x000008d6   0x00000002   PAD
    0x000008d8   0x000008d8   0x00000062   Code   RO           13    .text.LPIT0_Ch0_IRQHandler  main.o
    0x0000093a   0x0000093a   0x00000002   PAD
    0x0000093c   0x0000093c   0x00000032   Code   RO           15    .text.LPIT0_Ch1_IRQHandler  main.o
    0x0000096e   0x0000096e   0x00000002   PAD
    0x00000970   0x00000970   0x0000002e   Code   RO           17    .text.LPIT0_Ch2_IRQHandler  main.o
    0x0000099e   0x0000099e   0x00000002   PAD
    0x000009a0   0x000009a0   0x00000020   Code   RO           19    .text.LPIT0_Ch3_IRQHandler  main.o
    0x000009c0   0x000009c0   0x00000094   Code   RO            9    .text.LPIT0_init    main.o
    0x00000a54   0x00000a54   0x0000006a   Code   RO            5    .text.NVIC_init_IRQs  main.o
    0x00000abe   0x00000abe   0x00000002   PAD
    0x00000ac0   0x00000ac0   0x0000003c   Code   RO          158    .text.NormalRUNmode_80MHz  clocks_and_modes.o
    0x00000afc   0x00000afc   0x00000044   Code   RO           21    .text.PORTC_IRQHandler  main.o
    0x00000b40   0x00000b40   0x0000013a   Code   RO            7    .text.PORT_init     main.o
    0x00000c7a   0x00000c7a   0x00000006   PAD
    0x00000c80   0x00000c80   0x00000048   Code   RO           41    .text.R2D           main.o
    0x00000cc8   0x00000cc8   0x00000054   Code   RO          154    .text.SOSC_init_8MHz  clocks_and_modes.o
    0x00000d1c   0x00000d1c   0x00000084   Code   RO          156    .text.SPLL_init_160MHz  clocks_and_modes.o
    0x00000da0   0x00000da0   0x00000376   Code   RO           27    .text.Seg_out       main.o
    0x00001116   0x00001116   0x00000002   PAD
    0x00001118   0x00001118   0x00000052   Code   RO          201    .text.SystemInit    system_s32k144.o
    0x0000116a   0x0000116a   0x00000002   PAD
    0x0000116c   0x0000116c   0x00000030   Code   RO           11    .text.WDOG_disable  main.o
    0x0000119c   0x0000119c   0x00000010   Code   RO          173    .text.adc_complete  adc.o
    0x000011ac   0x000011ac   0x00000004   PAD
    0x000011b0   0x000011b0   0x00000110   Code   RO           53    .text.cal_gimbal_angle  main.o
    0x000012c0   0x000012c0   0x00000030   Code   RO           51    .text.cal_torque    main.o
    0x000012f0   0x000012f0   0x00000024   Code   RO          171    .text.convertAdcChan  adc.o
    0x00001314   0x00001314   0x00000004   PAD
    0x00001318   0x00001318   0x00000040   Code   RO           45    .text.difference    main.o
    0x00001358   0x00001358   0x000000a0   Code   RO          184    .text.init_data_bss  startup.o
    0x000013f8   0x000013f8   0x00000208   Code   RO           31    .text.initialize_parameters  main.o
    0x00001600   0x00001600   0x00000060   Code   RO           35    .text.integrate     main.o
    0x00001660   0x00001660   0x00000848   Code   RO           61    .text.main          main.o
    0x00001ea8   0x00001ea8   0x000000a0   Code   RO           49    .text.mass_moment_of_inertia  main.o
    0x00001f48   0x00001f48   0x000000ee   Code   RO           47    .text.pid_controller  main.o
    0x00002036   0x00002036   0x00000002   PAD
    0x00002038   0x00002038   0x000001d0   Code   RO           57    .text.plant         main.o
    0x00002208   0x00002208   0x00000068   Code   RO           37    .text.propellent_update  main.o
    0x00002270   0x00002270   0x00000038   Code   RO          175    .text.read_adc_chx  adc.o
    0x000022a8   0x000022a8   0x00000040   Code   RO           29    .text.reset_dot     main.o
    0x000022e8   0x000022e8   0x00000068   Code   RO           55    .text.saturation    main.o
    0x00002350   0x00002350   0x00000158   Code   RO           43    .text.trajectory_generator  main.o
    0x000024a8   0x000024a8   0x00000070   Code   RO           39    .text.velocity_calculator  main.o
    0x00002518   0x00002518   0x000000a0   Code   RO           33    .text.velocity_equation  main.o
    0x000025b8   0x000025b8   0x00000058   Code   RO           59    .text.whiteNoise    main.o
    0x00002610   0x00002610   0x00000030   Code   RO          354    i.__ARM_fpclassify  m_wm.l(fpclassify.o)
    0x00002640   0x00002640   0x00000360   Code   RO          248    i.__hardfp_asin     m_wm.l(asin.o)
    0x000029a0   0x000029a0   0x000003c4   Code   RO          255    i.__hardfp_log      m_wm.l(log.o)
    0x00002d64   0x00002d64   0x00000004   PAD
    0x00002d68   0x00002d68   0x000000c8   Code   RO          262    i.__hardfp_sin      m_wm.l(sin.o)
    0x00002e30   0x00002e30   0x00000438   Code   RO          359    i.__ieee754_rem_pio2  m_wm.l(rred.o)
    0x00003268   0x00003268   0x00000170   Code   RO          331    i.__kernel_cos      m_wm.l(cos_i.o)
    0x000033d8   0x000033d8   0x000000f8   Code   RO          356    i.__kernel_poly     m_wm.l(poly.o)
    0x000034d0   0x000034d0   0x00000130   Code   RO          364    i.__kernel_sin      m_wm.l(sin_i.o)
    0x00003600   0x00003600   0x00000030   Code   RO          334    i.__mathlib_dbl_divzero  m_wm.l(dunder.o)
    0x00003630   0x00003630   0x00000014   Code   RO          335    i.__mathlib_dbl_infnan  m_wm.l(dunder.o)
    0x00003644   0x00003644   0x00000004   PAD
    0x00003648   0x00003648   0x00000020   Code   RO          337    i.__mathlib_dbl_invalid  m_wm.l(dunder.o)
    0x00003668   0x00003668   0x00000020   Code   RO          340    i.__mathlib_dbl_underflow  m_wm.l(dunder.o)
    0x00003688   0x00003688   0x00000018   Code   RO          350    i.fabs              m_wm.l(fabs.o)
    0x000036a0   0x000036a0   0x0000006e   Code   RO          369    i.sqrt              m_wm.l(sqrt.o)
    0x0000370e   0x0000370e   0x00000018   Code   RO          318    x$fpl$basic         fz_wm.l(basic.o)
    0x00003726   0x00003726   0x00000002   PAD
    0x00003728   0x00003728   0x00000150   Code   RO          224    x$fpl$dadd          fz_wm.l(daddsub_clz.o)
    0x00003878   0x00003878   0x00000018   Code   RO          400    x$fpl$dcmpinf       fz_wm.l(dcmpi.o)
    0x00003890   0x00003890   0x000002b4   Code   RO          233    x$fpl$ddiv          fz_wm.l(ddiv.o)
    0x00003b44   0x00003b44   0x00000078   Code   RO          320    x$fpl$deqf          fz_wm.l(deqf.o)
    0x00003bbc   0x00003bbc   0x0000005e   Code   RO          236    x$fpl$dfix          fz_wm.l(dfix.o)
    0x00003c1a   0x00003c1a   0x0000002e   Code   RO          241    x$fpl$dflt          fz_wm.l(dflt_clz.o)
    0x00003c48   0x00003c48   0x00000026   Code   RO          240    x$fpl$dfltu         fz_wm.l(dflt_clz.o)
    0x00003c6e   0x00003c6e   0x00000002   PAD
    0x00003c70   0x00003c70   0x00000078   Code   RO          322    x$fpl$dgeqf         fz_wm.l(dgeqf.o)
    0x00003ce8   0x00003ce8   0x00000078   Code   RO          324    x$fpl$dleqf         fz_wm.l(dleqf.o)
    0x00003d60   0x00003d60   0x00000154   Code   RO          246    x$fpl$dmul          fz_wm.l(dmul.o)
    0x00003eb4   0x00003eb4   0x0000009c   Code   RO          326    x$fpl$dnaninf       fz_wm.l(dnaninf.o)
    0x00003f50   0x00003f50   0x0000000c   Code   RO          328    x$fpl$dretinf       fz_wm.l(dretinf.o)
    0x00003f5c   0x00003f5c   0x00000016   Code   RO          225    x$fpl$drsb          fz_wm.l(daddsub_clz.o)
    0x00003f72   0x00003f72   0x00000002   PAD
    0x00003f74   0x00003f74   0x00000198   Code   RO          402    x$fpl$dsqrt         fz_wm.l(dsqrt_umaal.o)
    0x0000410c   0x0000410c   0x000001dc   Code   RO          226    x$fpl$dsub          fz_wm.l(daddsub_clz.o)
    0x000042e8   0x000042e8   0x00000054   Code   RO          230    x$fpl$fcmp          fz_wm.l(dcmp.o)
    0x0000433c   0x0000433c   0x0000001a   Code   RO          404    x$fpl$fpinit        fz_wm.l(fpinit.o)
    0x00004356   0x00004356   0x00000000   Code   RO          330    x$fpl$usenofp       fz_wm.l(usenofp.o)
    0x00004356   0x00004356   0x00000002   PAD
    0x00004358   0x00004358   0x00000020   Data   RO          509    Region$$Table       anon$$obj.o


    Execution Region VECTOR_RAM (Exec base: 0x1fff8000, Load base: 0x00000230, Size: 0x00000400, Max: 0x00000400, ABSOLUTE)

    Exec Addr    Load Addr    Size         Type   Attr      Idx    E Section Name        Object

    0x1fff8000        -       0x00000400   Zero   RW            1    VECTOR_RAM.bss      anon$$obj.o


    Execution Region RW_m_data (Exec base: 0x1fff8400, Load base: 0x00004378, Size: 0x00000048, Max: 0xffffffff, ABSOLUTE)

    Exec Addr    Load Addr    Size         Type   Attr      Idx    E Section Name        Object

    0x1fff8400   0x00004378   0x00000028   Data   RW           71    .data.FND_DATA      main.o
    0x1fff8428   0x000043a0   0x00000008   Data   RW          128    .data.kd            main.o
    0x1fff8430   0x000043a8   0x00000008   Data   RW          127    .data.kp            main.o
    0x1fff8438   0x000043b0   0x00000008   Data   RW          131    .data.spacecraft_height  main.o
    0x1fff8440   0x000043b8   0x00000008   Data   RW          130    .data.spacecraft_width  main.o


    Execution Region RW_m_code (Exec base: 0x1fff8448, Load base: 0x000043c0, Size: 0x00000000, Max: 0x00007c00, ABSOLUTE)

    **** No section assigned to this execution region ****


    Execution Region RW_m_custom_section (Exec base: 0x20000000, Load base: 0x000043c0, Size: 0x00000000, Max: 0xffffffff, ABSOLUTE)

    **** No section assigned to this execution region ****


    Execution Region RW_m_data_2 (Exec base: 0x20000000, Load base: 0x000043c0, Size: 0x000002ac, Max: 0x00006800, ABSOLUTE)

    Exec Addr    Load Addr    Size         Type   Attr      Idx    E Section Name        Object

    0x20000000        -       0x000000e4   Zero   RW          219    .bss                c_w.l(rand.o)
    0x200000e4        -       0x00000060   Zero   RW          407    .bss                c_w.l(libspace.o)
    0x20000144   0x000043c0   0x00000004   PAD
    0x20000148        -       0x00000008   Zero   RW          124    .bss.accumulated_angle  main.o
    0x20000150        -       0x00000008   Zero   RW          123    .bss.angular_velocity  main.o
    0x20000158        -       0x00000008   Zero   RW          113    .bss.burntime       main.o
    0x20000160        -       0x00000008   Zero   RW          115    .bss.consume_ratio  main.o
    0x20000168        -       0x00000008   Zero   RW          139    .bss.current_pitch  main.o
    0x20000170        -       0x00000008   Zero   RW          125    .bss.desired_pitch  main.o
    0x20000178        -       0x00000004   Zero   RW           74    .bss.display_clock  main.o
    0x2000017c        -       0x00000004   Zero   RW           82    .bss.dot0           main.o
    0x20000180        -       0x00000004   Zero   RW           83    .bss.dot1           main.o
    0x20000184        -       0x00000004   Zero   RW           84    .bss.dot2           main.o
    0x20000188        -       0x00000004   Zero   RW           85    .bss.dot3           main.o
    0x2000018c        -       0x00000004   Zero   RW           86    .bss.dot4           main.o
    0x20000190        -       0x00000004   Zero   RW           76    .bss.dot5           main.o
    0x20000194   0x000043c0   0x00000004   PAD
    0x20000198        -       0x00000008   Zero   RW          126    .bss.error          main.o
    0x200001a0        -       0x00000008   Zero   RW          117    .bss.final_mass     main.o
    0x200001a8        -       0x00000008   Zero   RW          118    .bss.final_mass_ratio  main.o
    0x200001b0        -       0x00000008   Zero   RW          119    .bss.final_speed    main.o
    0x200001b8        -       0x00000008   Zero   RW          145    .bss.gimbal_angle   main.o
    0x200001c0        -       0x00000004   Zero   RW           75    .bss.half_second    main.o
    0x200001c4        -       0x00000004   Zero   RW           63    .bss.idle_counter   main.o
    0x200001c8        -       0x00000008   Zero   RW          133    .bss.incremental_angle  main.o
    0x200001d0        -       0x00000008   Zero   RW          114    .bss.initial_mass   main.o
    0x200001d8        -       0x00000008   Zero   RW          109    .bss.initial_velocity  main.o
    0x200001e0        -       0x00000004   Zero   RW           70    .bss.j              main.o
    0x200001e4   0x000043c0   0x00000004   PAD
    0x200001e8        -       0x00000008   Zero   RW          120    .bss.ln_mass_ratio  main.o
    0x200001f0        -       0x00000004   Zero   RW           64    .bss.lpit0_ch0_flag_counter  main.o
    0x200001f4        -       0x00000004   Zero   RW           65    .bss.lpit0_ch1_flag_counter  main.o
    0x200001f8        -       0x00000004   Zero   RW           66    .bss.lpit0_ch2_flag_counter  main.o
    0x200001fc        -       0x00000004   Zero   RW           67    .bss.lpit0_ch3_flag_counter  main.o
    0x20000200        -       0x00000008   Zero   RW          143    .bss.mmoi           main.o
    0x20000208        -       0x00000008   Zero   RW          141    .bss.noise          main.o
    0x20000210        -       0x00000004   Zero   RW          140    .bss.num            main.o
    0x20000214        -       0x00000004   Zero   RW           81    .bss.num0           main.o
    0x20000218        -       0x00000004   Zero   RW           80    .bss.num1           main.o
    0x2000021c        -       0x00000004   Zero   RW           79    .bss.num2           main.o
    0x20000220        -       0x00000004   Zero   RW           78    .bss.num3           main.o
    0x20000224        -       0x00000004   Zero   RW           77    .bss.num4           main.o
    0x20000228        -       0x00000004   Zero   RW           69    .bss.num5           main.o
    0x2000022c   0x000043c0   0x00000004   PAD
    0x20000230        -       0x00000008   Zero   RW          142    .bss.pid            main.o
    0x20000238        -       0x00000008   Zero   RW          134    .bss.pitch          main.o
    0x20000240        -       0x00000008   Zero   RW          136    .bss.pitch_temp     main.o
    0x20000248        -       0x00000004   Zero   RW           68    .bss.print_item     main.o
    0x2000024c   0x000043c0   0x00000004   PAD
    0x20000250        -       0x00000008   Zero   RW          112    .bss.propellent_mass  main.o
    0x20000258        -       0x00000008   Zero   RW          116    .bss.relative_velocity  main.o
    0x20000260        -       0x00000008   Zero   RW          111    .bss.specific_impulse  main.o
    0x20000268        -       0x00000008   Zero   RW          132    .bss.thrust         main.o
    0x20000270        -       0x00000008   Zero   RW          144    .bss.torque         main.o
    0x20000278        -       0x00000004   Zero   RW          105    .bss.total_mass_1   main.o
    0x2000027c        -       0x00000004   Zero   RW          106    .bss.total_mass_2   main.o
    0x20000280        -       0x00000004   Zero   RW          107    .bss.total_mass_3   main.o
    0x20000284        -       0x00000004   Zero   RW          108    .bss.total_mass_4   main.o
    0x20000288        -       0x00000008   Zero   RW          122    .bss.travel_distance  main.o
    0x20000290        -       0x00000008   Zero   RW          138    .bss.tt             main.o
    0x20000298        -       0x00000008   Zero   RW          110    .bss.used_propellent_mass  main.o
    0x200002a0        -       0x00000008   Zero   RW          121    .bss.velocity       main.o
    0x200002a8        -       0x00000004   Zero   RW          137    .bss.wheel_temp     main.o


    Execution Region ARM_LIB_HEAP (Exec base: 0x200002ac, Load base: 0x000043c0, Size: 0x00000400, Max: 0x00000400, ABSOLUTE)

    Exec Addr    Load Addr    Size         Type   Attr      Idx    E Section Name        Object

    0x200002ac        -       0x00000400   Zero   RW            2    ARM_LIB_HEAP.bss    anon$$obj.o


    Execution Region ARM_LIB_STACK (Exec base: 0x20006c00, Load base: 0x000043c0, Size: 0x00000400, Max: 0x00000400, ABSOLUTE)

    Exec Addr    Load Addr    Size         Type   Attr      Idx    E Section Name        Object

    0x20006c00        -       0x00000400   Zero   RW            3    ARM_LIB_STACK.bss   anon$$obj.o


==============================================================================

Image component sizes


      Code (inc. data)   RO Data    RW Data    ZI Data      Debug   Object Name

       208          0          0          0          0       2019   adc.o
       276          0          0          0          0       1678   clocks_and_modes.o
      7004        218          0         72        340      11039   main.o
       160          0          4          0          0       1062   startup.o
       156        106        576          0          0        900   startup_s32k144.o
        82          0          0          0          0       2824   system_s32k144.o

    ----------------------------------------------------------------------
      7916        324        612         72       3428      19522   Object Totals
         0          0         32          0       3072          0   (incl. Generated)
        30          0          0          0         16          0   (incl. Padding)

    ----------------------------------------------------------------------

      Code (inc. data)   RO Data    RW Data    ZI Data      Debug   Library Member Name

         8          0          0          0          0         68   __main.o
         0          0          0          0          0          0   __rtentry.o
        12          0          0          0          0          0   __rtentry2.o
         8          4          0          0          0          0   __rtentry7.o
        52          8          0          0          0          0   __scatter.o
        26          0          0          0          0          0   __scatter_copy.o
        28          0          0          0          0          0   __scatter_zi.o
        22          0          0          0          0        100   _rserrno.o
        18          0          0          0          0         80   exit.o
         0          0          0          0          0          0   indicate_semi.o
         2          0          0          0          0          0   libinit.o
        10          0          0          0          0          0   libinit2.o
         2          0          0          0          0          0   libshutdown.o
         2          0          0          0          0          0   libshutdown2.o
         0          0          0          0         96          0   libspace.o
       112         18          0          0        228        160   rand.o
         8          4          0          0          0         68   rt_errno_addr_intlibspace.o
         2          0          0          0          0          0   rtexit.o
        10          0          0          0          0          0   rtexit2.o
        12          4          0          0          0         68   sys_exit.o
         2          0          0          0          0         68   use_no_semi.o
        24          0          0          0          0        164   basic.o
       834         16          0          0          0        516   daddsub_clz.o
        84          0          0          0          0        244   dcmp.o
        24          0          0          0          0        116   dcmpi.o
       692        140          0          0          0        264   ddiv.o
       120          4          0          0          0        140   deqf.o
        94          4          0          0          0        140   dfix.o
        84          0          0          0          0        232   dflt_clz.o
       120          4          0          0          0        140   dgeqf.o
       120          4          0          0          0        140   dleqf.o
       340         12          0          0          0        152   dmul.o
       156          4          0          0          0        140   dnaninf.o
        12          0          0          0          0        116   dretinf.o
       408         56          0          0          0        168   dsqrt_umaal.o
        26          0          0          0          0        116   fpinit.o
         0          0          0          0          0          0   usenofp.o
       864         94         80          0          0        280   asin.o
       368         46         48          0          0        200   cos_i.o
       132         36          0          0          0        496   dunder.o
        24          0          0          0          0        124   fabs.o
        48          0          0          0          0        124   fpclassify.o
       964         92         56          0          0        316   log.o
       248          0          0          0          0        152   poly.o
         0          0          8          0          0          0   qnan.o
      1080        142        204          0          0        188   rred.o
       200         20          0          0          0        164   sin.o
       304         24         40          0          0        208   sin_i.o
       110          0          0          0          0        148   sqrt.o

    ----------------------------------------------------------------------
      7836        740        440          0        328       5800   Library Totals
        20          4          4          0          4          0   (incl. Padding)

    ----------------------------------------------------------------------

      Code (inc. data)   RO Data    RW Data    ZI Data      Debug   Library Name

       336         38          0          0        324        612   c_w.l
      3138        244          0          0          0       2788   fz_wm.l
      4342        454        436          0          0       2400   m_wm.l

    ----------------------------------------------------------------------
      7836        740        440          0        328       5800   Library Totals

    ----------------------------------------------------------------------

==============================================================================


      Code (inc. data)   RO Data    RW Data    ZI Data      Debug   

     15752       1064       1052         72       3756      22034   Grand Totals
     15752       1064       1052         72       3756      22034   ELF Image Totals
     15752       1064       1052         72          0          0   ROM Totals

==============================================================================

    Total RO  Size (Code + RO Data)                16804 (  16.41kB)
    Total RW  Size (RW Data + ZI Data)              3828 (   3.74kB)
    Total ROM Size (Code + RO Data + RW Data)      16876 (  16.48kB)

==============================================================================

